2026-06-22T16:54:12.549335+00:00 HOLD: No meaningful orders after tiny-churn filter; mode=dry-run; export=2026-06-22T17:27:14+00:00; candle=2026-06-22T17:00:00+00:00
2026-06-22T16:55:26.025433+00:00 STALE_EXPORT: MT5 export is stale: 2026-06-22T16:27:14+00:00 age=1692s; mode=dry-run; export=2026-06-22T16:27:14+00:00; candle=2026-06-22T16:00:00+00:00
2026-06-22T16:59:05.471620+00:00 MANUAL_REQUIRED: Largest order 2.43 lots exceeds auto cap 1.00: SELL USDJPY 2.43; mode=dry-run; export=2026-06-22T16:58:39+00:00; candle=2026-06-22T16:30:00+00:00
2026-06-22T22:42:41.889856+00:00 STALE_EXPORT: MT5 export is stale: 2026-06-22T18:34:43+00:00 age=14879s; mode=dry-run; export=2026-06-22T18:34:43+00:00; candle=2026-06-22T18:15:00+00:00
2026-06-22T22:44:31.752274+00:00 WRITE_SPLIT: Writing split proposed orders: BUY USDCAD 6.21; BUY USDCHF 6.21; SELL USDJPY 10.36; BUY XAUUSD 2.96 as 260 capped chunks; mode=dry-run; export=2026-06-22T22:44:25+00:00; candle=2026-06-22T22:15:00+00:00
2026-06-22T22:44:52.639700+00:00 WRITE_SPLIT: Writing split proposed orders: BUY USDCAD 6.21; BUY USDCHF 6.21; SELL USDJPY 10.36; BUY XAUUSD 2.96 as 28 capped chunks; mode=dry-run; export=2026-06-22T22:44:25+00:00; candle=2026-06-22T22:15:00+00:00
2026-06-24T10:59:02.395639+00:00 BLOCKED_TOTAL_SIZE: Risk-increasing action 38.27 lots exceeds safety limit 30.00: BUY USDCAD 10.26; BUY USDCHF 5.87; BUY USDJPY 17.10; SELL XAUUSD 5.04; mode=dry-run; export=2026-06-24T10:58:56+00:00; candle=2026-06-24T10:30:00+00:00
2026-06-24T10:59:32.608843+00:00 BLOCKED_TOTAL_SIZE: Risk-increasing action 38.27 lots exceeds safety limit 30.00: BUY USDCAD 10.26; BUY USDCHF 5.87; BUY USDJPY 17.10; SELL XAUUSD 5.04; mode=dry-run; export=2026-06-24T10:59:26+00:00; candle=2026-06-24T10:30:00+00:00
2026-06-24T11:00:02.810995+00:00 BLOCKED_TOTAL_SIZE: Risk-increasing action 38.27 lots exceeds safety limit 30.00: BUY USDCAD 10.26; BUY USDCHF 5.87; BUY USDJPY 17.10; SELL XAUUSD 5.04; mode=dry-run; export=2026-06-24T10:59:56+00:00; candle=2026-06-24T10:30:00+00:00
2026-06-24T11:00:33.020700+00:00 BLOCKED_TOTAL_SIZE: Risk-increasing action 38.29 lots exceeds safety limit 30.00: BUY USDCAD 10.26; BUY USDCHF 5.87; BUY USDJPY 17.10; SELL XAUUSD 5.06; mode=dry-run; export=2026-06-24T11:00:26+00:00; candle=2026-06-24T10:45:00+00:00
2026-06-24T11:01:03.221415+00:00 BLOCKED_TOTAL_SIZE: Risk-increasing action 38.29 lots exceeds safety limit 30.00: BUY USDCAD 10.26; BUY USDCHF 5.87; BUY USDJPY 17.10; SELL XAUUSD 5.06; mode=dry-run; export=2026-06-24T11:00:56+00:00; candle=2026-06-24T10:45:00+00:00
2026-06-24T11:01:33.439797+00:00 BLOCKED_TOTAL_SIZE: Risk-increasing action 38.29 lots exceeds safety limit 30.00: BUY USDCAD 10.26; BUY USDCHF 5.87; BUY USDJPY 17.10; SELL XAUUSD 5.06; mode=dry-run; export=2026-06-24T11:01:26+00:00; candle=2026-06-24T10:45:00+00:00
2026-06-24T11:02:03.644413+00:00 BLOCKED_TOTAL_SIZE: Risk-increasing action 38.29 lots exceeds safety limit 30.00: BUY USDCAD 10.26; BUY USDCHF 5.87; BUY USDJPY 17.10; SELL XAUUSD 5.06; mode=dry-run; export=2026-06-24T11:01:56+00:00; candle=2026-06-24T10:45:00+00:00
2026-06-24T11:02:33.851653+00:00 BLOCKED_TOTAL_SIZE: Risk-increasing action 38.28 lots exceeds safety limit 30.00: BUY USDCAD 10.26; BUY USDCHF 5.87; BUY USDJPY 17.10; SELL XAUUSD 5.05; mode=dry-run; export=2026-06-24T11:02:26+00:00; candle=2026-06-24T10:45:00+00:00
2026-06-24T11:03:15.446644+00:00 WRITE_SPLIT: Writing split proposed orders: BUY USDCAD 10.26; BUY USDCHF 5.87; BUY USDJPY 17.10; SELL XAUUSD 5.06 as 41 capped chunks; mode=dry-run; export=2026-06-24T11:02:56+00:00; candle=2026-06-24T10:45:00+00:00
2026-06-24T11:03:45.661248+00:00 ALREADY_WRITTEN: Already handled candle 2026-06-24T10:45:00+00:00; mode=dry-run; export=2026-06-24T11:03:26+00:00; candle=2026-06-24T10:45:00+00:00
2026-06-24T11:04:15.867454+00:00 ALREADY_WRITTEN: Already handled candle 2026-06-24T10:45:00+00:00; mode=dry-run; export=2026-06-24T11:03:56+00:00; candle=2026-06-24T10:45:00+00:00
2026-06-24T11:04:46.100828+00:00 ALREADY_WRITTEN: Already handled candle 2026-06-24T10:45:00+00:00; mode=dry-run; export=2026-06-24T11:04:26+00:00; candle=2026-06-24T10:45:00+00:00
2026-06-24T11:05:16.309942+00:00 ALREADY_WRITTEN: Already handled candle 2026-06-24T10:45:00+00:00; mode=dry-run; export=2026-06-24T11:04:56+00:00; candle=2026-06-24T10:45:00+00:00
2026-06-24T11:05:46.526701+00:00 ALREADY_WRITTEN: Already handled candle 2026-06-24T10:45:00+00:00; mode=dry-run; export=2026-06-24T11:05:26+00:00; candle=2026-06-24T10:45:00+00:00
2026-06-24T11:06:16.747576+00:00 ALREADY_WRITTEN: Already handled candle 2026-06-24T10:45:00+00:00; mode=dry-run; export=2026-06-24T11:05:56+00:00; candle=2026-06-24T10:45:00+00:00
2026-06-24T11:06:46.951085+00:00 ALREADY_WRITTEN: Already handled candle 2026-06-24T10:45:00+00:00; mode=dry-run; export=2026-06-24T11:06:26+00:00; candle=2026-06-24T10:45:00+00:00
2026-06-24T11:07:17.169357+00:00 ALREADY_WRITTEN: Already handled candle 2026-06-24T10:45:00+00:00; mode=dry-run; export=2026-06-24T11:06:56+00:00; candle=2026-06-24T10:45:00+00:00
2026-06-24T11:07:56.735288+00:00 ALREADY_WRITTEN: Already handled candle 2026-06-24T10:45:00+00:00; mode=live; export=2026-06-24T11:07:56+00:00; candle=2026-06-24T10:45:00+00:00
2026-06-24T11:08:26.947694+00:00 ALREADY_WRITTEN: Already handled candle 2026-06-24T10:45:00+00:00; mode=live; export=2026-06-24T11:08:26+00:00; candle=2026-06-24T10:45:00+00:00
2026-06-24T11:08:57.152562+00:00 ALREADY_WRITTEN: Already handled candle 2026-06-24T10:45:00+00:00; mode=live; export=2026-06-24T11:08:56+00:00; candle=2026-06-24T10:45:00+00:00
2026-06-24T11:09:27.366492+00:00 ALREADY_WRITTEN: Already handled candle 2026-06-24T10:45:00+00:00; mode=live; export=2026-06-24T11:09:26+00:00; candle=2026-06-24T10:45:00+00:00
2026-06-24T11:09:57.568291+00:00 ALREADY_WRITTEN: Already handled candle 2026-06-24T10:45:00+00:00; mode=live; export=2026-06-24T11:09:55+00:00; candle=2026-06-24T10:45:00+00:00
2026-06-24T11:10:27.780992+00:00 ALREADY_WRITTEN: Already handled candle 2026-06-24T10:45:00+00:00; mode=live; export=2026-06-24T11:10:26+00:00; candle=2026-06-24T10:45:00+00:00
2026-06-24T11:10:57.987594+00:00 WRITE_SPLIT: Writing split proposed orders: BUY USDCAD 10.26; BUY USDCHF 5.87; BUY USDJPY 17.10; SELL XAUUSD 5.06 as 41 capped chunks; mode=live; export=2026-06-24T11:10:56+00:00; candle=2026-06-24T10:45:00+00:00
2026-06-24T11:11:28.189308+00:00 ALREADY_WRITTEN: Already handled candle 2026-06-24T10:45:00+00:00; mode=live; export=2026-06-24T11:11:26+00:00; candle=2026-06-24T10:45:00+00:00
2026-06-24T11:11:58.402307+00:00 ALREADY_WRITTEN: Already handled candle 2026-06-24T10:45:00+00:00; mode=live; export=2026-06-24T11:11:56+00:00; candle=2026-06-24T10:45:00+00:00
2026-06-24T11:12:28.611527+00:00 ALREADY_WRITTEN: Already handled candle 2026-06-24T10:45:00+00:00; mode=live; export=2026-06-24T11:12:26+00:00; candle=2026-06-24T10:45:00+00:00
2026-06-24T11:12:58.830594+00:00 ALREADY_WRITTEN: Already handled candle 2026-06-24T10:45:00+00:00; mode=live; export=2026-06-24T11:12:56+00:00; candle=2026-06-24T10:45:00+00:00
2026-06-24T11:14:17.543425+00:00 WRITE_SPLIT: Writing split proposed orders: BUY USDCAD 10.26; BUY USDCHF 5.87; BUY USDJPY 17.10; SELL XAUUSD 5.06 as 41 capped chunks; mode=live; export=2026-06-24T12:13:56+00:00; candle=2026-06-24T11:45:00+00:00
2026-06-24T11:14:47.750090+00:00 ALREADY_WRITTEN: Already handled candle 2026-06-24T11:45:00+00:00; mode=live; export=2026-06-24T12:14:26+00:00; candle=2026-06-24T11:45:00+00:00
2026-06-24T11:15:17.959669+00:00 ALREADY_WRITTEN: Already handled candle 2026-06-24T11:45:00+00:00; mode=live; export=2026-06-24T12:14:56+00:00; candle=2026-06-24T11:45:00+00:00
2026-06-24T11:15:48.166621+00:00 HOLD: No meaningful orders after tiny-churn filter; mode=live; export=2026-06-24T12:15:26+00:00; candle=2026-06-24T12:00:00+00:00
2026-06-24T11:16:18.370247+00:00 WRITE: Writing proposed orders: BUY USDJPY 0.05; mode=live; export=2026-06-24T12:15:56+00:00; candle=2026-06-24T12:00:00+00:00
2026-06-24T11:16:48.586290+00:00 ALREADY_WRITTEN: Already handled candle 2026-06-24T12:00:00+00:00; mode=live; export=2026-06-24T12:16:26+00:00; candle=2026-06-24T12:00:00+00:00
2026-06-24T11:17:18.798428+00:00 ALREADY_WRITTEN: Already handled candle 2026-06-24T12:00:00+00:00; mode=live; export=2026-06-24T12:16:56+00:00; candle=2026-06-24T12:00:00+00:00
2026-06-24T11:17:48.998176+00:00 ALREADY_WRITTEN: Already handled candle 2026-06-24T12:00:00+00:00; mode=live; export=2026-06-24T12:17:26+00:00; candle=2026-06-24T12:00:00+00:00
2026-06-24T11:18:19.217333+00:00 ALREADY_WRITTEN: Already handled candle 2026-06-24T12:00:00+00:00; mode=live; export=2026-06-24T12:17:56+00:00; candle=2026-06-24T12:00:00+00:00
2026-06-24T11:18:49.419505+00:00 ALREADY_WRITTEN: Already handled candle 2026-06-24T12:00:00+00:00; mode=live; export=2026-06-24T12:18:26+00:00; candle=2026-06-24T12:00:00+00:00
2026-06-24T11:19:19.629641+00:00 ALREADY_WRITTEN: Already handled candle 2026-06-24T12:00:00+00:00; mode=live; export=2026-06-24T12:18:56+00:00; candle=2026-06-24T12:00:00+00:00
2026-06-24T11:19:49.812905+00:00 ALREADY_WRITTEN: Already handled candle 2026-06-24T12:00:00+00:00; mode=live; export=2026-06-24T12:19:26+00:00; candle=2026-06-24T12:00:00+00:00
2026-06-24T11:20:20.002722+00:00 ALREADY_WRITTEN: Already handled candle 2026-06-24T12:00:00+00:00; mode=live; export=2026-06-24T12:19:55+00:00; candle=2026-06-24T12:00:00+00:00
2026-06-24T11:20:50.228149+00:00 ALREADY_WRITTEN: Already handled candle 2026-06-24T12:00:00+00:00; mode=live; export=2026-06-24T12:20:26+00:00; candle=2026-06-24T12:00:00+00:00
2026-06-24T11:21:20.429507+00:00 ALREADY_WRITTEN: Already handled candle 2026-06-24T12:00:00+00:00; mode=live; export=2026-06-24T12:20:56+00:00; candle=2026-06-24T12:00:00+00:00
2026-06-24T11:21:50.647527+00:00 ALREADY_WRITTEN: Already handled candle 2026-06-24T12:00:00+00:00; mode=live; export=2026-06-24T12:21:26+00:00; candle=2026-06-24T12:00:00+00:00
2026-06-24T11:22:20.851784+00:00 ALREADY_WRITTEN: Already handled candle 2026-06-24T12:00:00+00:00; mode=live; export=2026-06-24T12:21:56+00:00; candle=2026-06-24T12:00:00+00:00
2026-06-24T11:22:51.065598+00:00 ALREADY_WRITTEN: Already handled candle 2026-06-24T12:00:00+00:00; mode=live; export=2026-06-24T12:22:26+00:00; candle=2026-06-24T12:00:00+00:00
2026-06-24T11:23:30.822970+00:00 BLOCKED_TOTAL_SIZE: Risk-increasing action 96.98 lots exceeds safety limit 50.00: BUY USDCAD 22.10; BUY USDCHF 22.10; BUY USDJPY 36.79; SELL XAUUSD 15.99; mode=live; export=2026-06-24T12:23:26+00:00; candle=2026-06-24T12:00:00+00:00
2026-06-24T11:24:01.039692+00:00 BLOCKED_TOTAL_SIZE: Risk-increasing action 96.99 lots exceeds safety limit 50.00: BUY USDCAD 22.10; BUY USDCHF 22.10; BUY USDJPY 36.79; SELL XAUUSD 16.00; mode=live; export=2026-06-24T12:23:56+00:00; candle=2026-06-24T12:00:00+00:00
2026-06-24T11:24:22.724032+00:00 RISK_BLOCKED: projected gross leverage 18.70x exceeds 12.00x; projected margin usage 62.3% exceeds 50.0%; mode=live; export=2026-06-24T12:23:56+00:00; candle=2026-06-24T12:00:00+00:00
2026-06-24T11:24:52.941074+00:00 RISK_BLOCKED: projected gross leverage 18.69x exceeds 12.00x; projected margin usage 62.3% exceeds 50.0%; mode=live; export=2026-06-24T12:24:26+00:00; candle=2026-06-24T12:00:00+00:00
2026-06-24T11:25:36.524989+00:00 WRITE_SPLIT: Writing split proposed orders: BUY USDCAD 22.09; BUY USDCHF 22.09; BUY USDJPY 36.77; SELL XAUUSD 15.99 as 99 capped chunks; mode=live; export=2026-06-24T12:25:26+00:00; candle=2026-06-24T12:00:00+00:00
2026-06-24T11:26:06.737651+00:00 ALREADY_WRITTEN: Already handled candle 2026-06-24T12:00:00+00:00; mode=live; export=2026-06-24T12:25:56+00:00; candle=2026-06-24T12:00:00+00:00
2026-06-24T11:26:36.951339+00:00 ALREADY_WRITTEN: Already handled candle 2026-06-24T12:00:00+00:00; mode=live; export=2026-06-24T12:26:26+00:00; candle=2026-06-24T12:00:00+00:00
2026-06-24T11:27:07.149688+00:00 ALREADY_WRITTEN: Already handled candle 2026-06-24T12:00:00+00:00; mode=live; export=2026-06-24T12:26:56+00:00; candle=2026-06-24T12:00:00+00:00
2026-06-24T11:27:37.355456+00:00 ALREADY_WRITTEN: Already handled candle 2026-06-24T12:00:00+00:00; mode=live; export=2026-06-24T12:27:26+00:00; candle=2026-06-24T12:00:00+00:00
2026-06-24T11:28:07.570157+00:00 ALREADY_WRITTEN: Already handled candle 2026-06-24T12:00:00+00:00; mode=live; export=2026-06-24T12:27:56+00:00; candle=2026-06-24T12:00:00+00:00
2026-06-24T11:28:37.773798+00:00 ALREADY_WRITTEN: Already handled candle 2026-06-24T12:00:00+00:00; mode=live; export=2026-06-24T12:28:26+00:00; candle=2026-06-24T12:00:00+00:00
2026-06-24T11:29:07.981390+00:00 ALREADY_WRITTEN: Already handled candle 2026-06-24T12:00:00+00:00; mode=live; export=2026-06-24T12:28:56+00:00; candle=2026-06-24T12:00:00+00:00
2026-06-24T11:29:38.198117+00:00 ALREADY_WRITTEN: Already handled candle 2026-06-24T12:00:00+00:00; mode=live; export=2026-06-24T12:29:26+00:00; candle=2026-06-24T12:00:00+00:00
2026-06-24T11:30:08.403807+00:00 ALREADY_WRITTEN: Already handled candle 2026-06-24T12:00:00+00:00; mode=live; export=2026-06-24T12:29:56+00:00; candle=2026-06-24T12:00:00+00:00
2026-06-24T11:30:52.922910+00:00 RISK_BLOCKED: projected margin usage 83.6% exceeds 80.0%; mode=live; export=2026-06-24T12:30:26+00:00; candle=2026-06-24T12:15:00+00:00
2026-06-24T11:31:23.134486+00:00 RISK_BLOCKED: projected margin usage 83.6% exceeds 80.0%; mode=live; export=2026-06-24T12:30:56+00:00; candle=2026-06-24T12:15:00+00:00
2026-06-24T11:31:49.752848+00:00 WRITE_SPLIT: Writing split proposed orders: BUY USDCAD 11.03; BUY USDCHF 11.03; BUY USDJPY 72.31; SELL XAUUSD 21.45 as 119 capped chunks; mode=live; export=2026-06-24T12:31:26+00:00; candle=2026-06-24T12:15:00+00:00
2026-06-24T11:32:19.969210+00:00 ALREADY_WRITTEN: Already handled candle 2026-06-24T12:15:00+00:00; mode=live; export=2026-06-24T12:31:56+00:00; candle=2026-06-24T12:15:00+00:00
2026-06-24T11:32:50.165849+00:00 ALREADY_WRITTEN: Already handled candle 2026-06-24T12:15:00+00:00; mode=live; export=2026-06-24T12:32:26+00:00; candle=2026-06-24T12:15:00+00:00
2026-06-24T11:33:20.394469+00:00 ALREADY_WRITTEN: Already handled candle 2026-06-24T12:15:00+00:00; mode=live; export=2026-06-24T12:32:56+00:00; candle=2026-06-24T12:15:00+00:00
2026-06-24T11:33:45.265137+00:00 WRITE_SPLIT: Writing split proposed orders: SELL USDCAD 11.18; SELL USDCHF 11.18; SELL USDJPY 18.64; SELL XAUUSD 15.92 as 59 capped chunks; mode=live; export=2026-06-24T12:33:26+00:00; candle=2026-06-24T12:15:00+00:00
2026-06-24T11:34:15.475169+00:00 ALREADY_WRITTEN: Already handled candle 2026-06-24T12:15:00+00:00; mode=live; export=2026-06-24T12:33:56+00:00; candle=2026-06-24T12:15:00+00:00
2026-06-24T11:34:45.682083+00:00 ALREADY_WRITTEN: Already handled candle 2026-06-24T12:15:00+00:00; mode=live; export=2026-06-24T12:34:26+00:00; candle=2026-06-24T12:15:00+00:00
2026-06-24T11:35:15.893029+00:00 ALREADY_WRITTEN: Already handled candle 2026-06-24T12:15:00+00:00; mode=live; export=2026-06-24T12:34:56+00:00; candle=2026-06-24T12:15:00+00:00
2026-06-24T11:35:46.099218+00:00 ALREADY_WRITTEN: Already handled candle 2026-06-24T12:15:00+00:00; mode=live; export=2026-06-24T12:35:26+00:00; candle=2026-06-24T12:15:00+00:00
2026-06-24T11:36:16.313324+00:00 ALREADY_WRITTEN: Already handled candle 2026-06-24T12:15:00+00:00; mode=live; export=2026-06-24T12:35:56+00:00; candle=2026-06-24T12:15:00+00:00
2026-06-24T11:36:46.650434+00:00 ALREADY_WRITTEN: Already handled candle 2026-06-24T12:15:00+00:00; mode=live; export=2026-06-24T12:36:26+00:00; candle=2026-06-24T12:15:00+00:00
2026-06-24T11:37:16.848238+00:00 ALREADY_WRITTEN: Already handled candle 2026-06-24T12:15:00+00:00; mode=live; export=2026-06-24T12:36:56+00:00; candle=2026-06-24T12:15:00+00:00
2026-06-24T11:37:47.056542+00:00 ALREADY_WRITTEN: Already handled candle 2026-06-24T12:15:00+00:00; mode=live; export=2026-06-24T12:37:26+00:00; candle=2026-06-24T12:15:00+00:00
2026-06-24T11:38:17.259685+00:00 ALREADY_WRITTEN: Already handled candle 2026-06-24T12:15:00+00:00; mode=live; export=2026-06-24T12:37:56+00:00; candle=2026-06-24T12:15:00+00:00
2026-06-24T11:38:43.392250+00:00 BLOCKED_TOTAL_SIZE: Risk-increasing action 170.56 lots exceeds safety limit 150.00: BUY USDCAD 40.99; BUY USDCHF 40.99; BUY USDJPY 68.31; SELL XAUUSD 20.27; mode=live; export=2026-06-24T12:38:26+00:00; candle=2026-06-24T12:15:00+00:00
2026-06-24T11:39:13.610285+00:00 BLOCKED_TOTAL_SIZE: Risk-increasing action 170.55 lots exceeds safety limit 150.00: BUY USDCAD 40.99; BUY USDCHF 40.99; BUY USDJPY 68.31; SELL XAUUSD 20.26; mode=live; export=2026-06-24T12:38:56+00:00; candle=2026-06-24T12:15:00+00:00
2026-06-24T11:39:33.900283+00:00 WRITE_SPLIT: Writing split proposed orders: BUY USDCAD 40.99; BUY USDCHF 40.99; BUY USDJPY 68.31; SELL XAUUSD 20.27 as 172 capped chunks; mode=live; export=2026-06-24T12:39:26+00:00; candle=2026-06-24T12:15:00+00:00
2026-06-24T11:40:04.112691+00:00 ALREADY_WRITTEN: Already handled candle 2026-06-24T12:15:00+00:00; mode=live; export=2026-06-24T12:39:56+00:00; candle=2026-06-24T12:15:00+00:00
2026-06-24T11:40:34.312370+00:00 ALREADY_WRITTEN: Already handled candle 2026-06-24T12:15:00+00:00; mode=live; export=2026-06-24T12:40:26+00:00; candle=2026-06-24T12:15:00+00:00
2026-06-24T11:41:04.535235+00:00 ALREADY_WRITTEN: Already handled candle 2026-06-24T12:15:00+00:00; mode=live; export=2026-06-24T12:40:56+00:00; candle=2026-06-24T12:15:00+00:00
2026-06-24T11:41:34.745017+00:00 ALREADY_WRITTEN: Already handled candle 2026-06-24T12:15:00+00:00; mode=live; export=2026-06-24T12:41:26+00:00; candle=2026-06-24T12:15:00+00:00
2026-06-24T11:42:04.960898+00:00 ALREADY_WRITTEN: Already handled candle 2026-06-24T12:15:00+00:00; mode=live; export=2026-06-24T12:41:56+00:00; candle=2026-06-24T12:15:00+00:00
2026-06-24T11:42:35.158957+00:00 ALREADY_WRITTEN: Already handled candle 2026-06-24T12:15:00+00:00; mode=live; export=2026-06-24T12:42:26+00:00; candle=2026-06-24T12:15:00+00:00
2026-06-24T11:43:05.370844+00:00 ALREADY_WRITTEN: Already handled candle 2026-06-24T12:15:00+00:00; mode=live; export=2026-06-24T12:42:56+00:00; candle=2026-06-24T12:15:00+00:00
2026-06-24T11:43:35.596844+00:00 ALREADY_WRITTEN: Already handled candle 2026-06-24T12:15:00+00:00; mode=live; export=2026-06-24T12:43:26+00:00; candle=2026-06-24T12:15:00+00:00
2026-06-24T11:44:05.814385+00:00 ALREADY_WRITTEN: Already handled candle 2026-06-24T12:15:00+00:00; mode=live; export=2026-06-24T12:43:56+00:00; candle=2026-06-24T12:15:00+00:00
2026-06-24T11:44:36.026616+00:00 ALREADY_WRITTEN: Already handled candle 2026-06-24T12:15:00+00:00; mode=live; export=2026-06-24T12:44:26+00:00; candle=2026-06-24T12:15:00+00:00
2026-06-24T11:45:06.226565+00:00 ALREADY_WRITTEN: Already handled candle 2026-06-24T12:15:00+00:00; mode=live; export=2026-06-24T12:44:56+00:00; candle=2026-06-24T12:15:00+00:00
2026-06-24T11:45:36.439351+00:00 WRITE_SPLIT: Writing split proposed orders: SELL USDCAD 0.08; SELL USDCHF 0.08; SELL USDJPY 0.12; SELL XAUUSD 20.22 as 24 capped chunks; mode=live; export=2026-06-24T12:45:26+00:00; candle=2026-06-24T12:30:00+00:00
2026-06-24T11:46:06.792137+00:00 ALREADY_WRITTEN: Already handled candle 2026-06-24T12:30:00+00:00; mode=live; export=2026-06-24T12:45:56+00:00; candle=2026-06-24T12:30:00+00:00
2026-06-24T11:46:37.009970+00:00 ALREADY_WRITTEN: Already handled candle 2026-06-24T12:30:00+00:00; mode=live; export=2026-06-24T12:46:26+00:00; candle=2026-06-24T12:30:00+00:00
2026-06-24T11:47:07.264052+00:00 ALREADY_WRITTEN: Already handled candle 2026-06-24T12:30:00+00:00; mode=live; export=2026-06-24T12:46:56+00:00; candle=2026-06-24T12:30:00+00:00
2026-06-24T11:47:37.466550+00:00 ALREADY_WRITTEN: Already handled candle 2026-06-24T12:30:00+00:00; mode=live; export=2026-06-24T12:47:26+00:00; candle=2026-06-24T12:30:00+00:00
2026-06-24T11:48:07.694031+00:00 ALREADY_WRITTEN: Already handled candle 2026-06-24T12:30:00+00:00; mode=live; export=2026-06-24T12:47:56+00:00; candle=2026-06-24T12:30:00+00:00
2026-06-24T11:48:37.900664+00:00 ALREADY_WRITTEN: Already handled candle 2026-06-24T12:30:00+00:00; mode=live; export=2026-06-24T12:48:26+00:00; candle=2026-06-24T12:30:00+00:00
2026-06-24T11:49:08.113536+00:00 ALREADY_WRITTEN: Already handled candle 2026-06-24T12:30:00+00:00; mode=live; export=2026-06-24T12:48:56+00:00; candle=2026-06-24T12:30:00+00:00
2026-06-24T11:49:38.327166+00:00 ALREADY_WRITTEN: Already handled candle 2026-06-24T12:30:00+00:00; mode=live; export=2026-06-24T12:49:26+00:00; candle=2026-06-24T12:30:00+00:00
2026-06-24T11:50:08.540674+00:00 ALREADY_WRITTEN: Already handled candle 2026-06-24T12:30:00+00:00; mode=live; export=2026-06-24T12:49:56+00:00; candle=2026-06-24T12:30:00+00:00
2026-06-24T11:50:38.768844+00:00 ALREADY_WRITTEN: Already handled candle 2026-06-24T12:30:00+00:00; mode=live; export=2026-06-24T12:50:26+00:00; candle=2026-06-24T12:30:00+00:00
2026-06-24T11:51:08.978212+00:00 ALREADY_WRITTEN: Already handled candle 2026-06-24T12:30:00+00:00; mode=live; export=2026-06-24T12:50:56+00:00; candle=2026-06-24T12:30:00+00:00
2026-06-24T11:51:39.239363+00:00 ALREADY_WRITTEN: Already handled candle 2026-06-24T12:30:00+00:00; mode=live; export=2026-06-24T12:51:26+00:00; candle=2026-06-24T12:30:00+00:00
