2026-06-24T11:52:06.102071+00:00 WRITE_SPLIT: Writing split proposed orders: SELL XAUUSD 20.22 as 21 capped chunks; mode=live; export=2026-06-24T12:51:56+00:00; candle=2026-06-24T12:30:00+00:00
2026-06-24T11:52:36.181885+00:00 ALREADY_WRITTEN: Already handled candle 2026-06-24T12:30:00+00:00; mode=live; export=2026-06-24T12:52:26+00:00; candle=2026-06-24T12:30:00+00:00
2026-06-24T11:53:06.268089+00:00 ALREADY_WRITTEN: Already handled candle 2026-06-24T12:30:00+00:00; mode=live; export=2026-06-24T12:52:56+00:00; candle=2026-06-24T12:30:00+00:00
2026-06-24T11:53:36.366655+00:00 ALREADY_WRITTEN: Already handled candle 2026-06-24T12:30:00+00:00; mode=live; export=2026-06-24T12:53:26+00:00; candle=2026-06-24T12:30:00+00:00
2026-06-24T11:54:06.465827+00:00 ALREADY_WRITTEN: Already handled candle 2026-06-24T12:30:00+00:00; mode=live; export=2026-06-24T12:53:56+00:00; candle=2026-06-24T12:30:00+00:00
2026-06-24T11:54:36.560660+00:00 ALREADY_WRITTEN: Already handled candle 2026-06-24T12:30:00+00:00; mode=live; export=2026-06-24T12:54:26+00:00; candle=2026-06-24T12:30:00+00:00
2026-06-24T11:55:08.404372+00:00 WRITE_SPLIT: Writing split proposed orders: SELL USDCAD 40.91; SELL USDCHF 32.16; BUY USDJPY 10.00 as 84 capped chunks; mode=live; export=2026-06-24T12:54:56+00:00; candle=2026-06-24T12:30:00+00:00
2026-06-24T11:55:38.486008+00:00 ALREADY_WRITTEN: Already handled candle 2026-06-24T12:30:00+00:00; mode=live; export=2026-06-24T12:55:26+00:00; candle=2026-06-24T12:30:00+00:00
2026-06-24T11:56:08.580178+00:00 ALREADY_WRITTEN: Already handled candle 2026-06-24T12:30:00+00:00; mode=live; export=2026-06-24T12:55:56+00:00; candle=2026-06-24T12:30:00+00:00
2026-06-24T11:56:38.673793+00:00 ALREADY_WRITTEN: Already handled candle 2026-06-24T12:30:00+00:00; mode=live; export=2026-06-24T12:56:26+00:00; candle=2026-06-24T12:30:00+00:00
2026-06-24T11:57:20.400883+00:00 WRITE_SPLIT: Writing split proposed orders: BUY USDCAD 40.93; BUY USDCHF 32.18; BUY USDJPY 58.21; SELL XAUUSD 20.23 as 154 capped chunks; mode=live; export=2026-06-24T12:56:56+00:00; candle=2026-06-24T12:30:00+00:00
2026-06-24T11:57:50.493800+00:00 ALREADY_WRITTEN: Already handled candle 2026-06-24T12:30:00+00:00; mode=live; export=2026-06-24T12:57:26+00:00; candle=2026-06-24T12:30:00+00:00
2026-06-24T11:58:20.586889+00:00 ALREADY_WRITTEN: Already handled candle 2026-06-24T12:30:00+00:00; mode=live; export=2026-06-24T12:57:56+00:00; candle=2026-06-24T12:30:00+00:00
2026-06-24T11:58:51.348128+00:00 WRITE: Writing proposed orders: BUY USDCAD 0.40; BUY USDCHF 0.40; BUY USDJPY 0.68; SELL XAUUSD 0.20; mode=live; export=2026-06-24T12:58:26+00:00; candle=2026-06-24T12:30:00+00:00
2026-06-24T11:59:21.457141+00:00 ALREADY_WRITTEN: Already handled candle 2026-06-24T12:30:00+00:00; mode=live; export=2026-06-24T12:58:56+00:00; candle=2026-06-24T12:30:00+00:00
2026-06-24T11:59:51.544085+00:00 ALREADY_WRITTEN: Already handled candle 2026-06-24T12:30:00+00:00; mode=live; export=2026-06-24T12:59:26+00:00; candle=2026-06-24T12:30:00+00:00
2026-06-24T12:00:21.638119+00:00 ALREADY_WRITTEN: Already handled candle 2026-06-24T12:30:00+00:00; mode=live; export=2026-06-24T12:59:56+00:00; candle=2026-06-24T12:30:00+00:00
2026-06-24T12:00:51.731787+00:00 WRITE: Writing proposed orders: SELL USDCAD 0.10; SELL USDCHF 0.10; SELL USDJPY 0.17; BUY XAUUSD 0.05; mode=live; export=2026-06-24T13:00:26+00:00; candle=2026-06-24T12:45:00+00:00
2026-06-24T12:01:21.821888+00:00 ALREADY_WRITTEN: Already handled candle 2026-06-24T12:45:00+00:00; mode=live; export=2026-06-24T13:00:56+00:00; candle=2026-06-24T12:45:00+00:00
2026-06-24T12:01:51.921096+00:00 ALREADY_WRITTEN: Already handled candle 2026-06-24T12:45:00+00:00; mode=live; export=2026-06-24T13:01:26+00:00; candle=2026-06-24T12:45:00+00:00
2026-06-24T12:02:22.028284+00:00 ALREADY_WRITTEN: Already handled candle 2026-06-24T12:45:00+00:00; mode=live; export=2026-06-24T13:01:56+00:00; candle=2026-06-24T12:45:00+00:00
2026-06-24T12:02:52.130676+00:00 ALREADY_WRITTEN: Already handled candle 2026-06-24T12:45:00+00:00; mode=live; export=2026-06-24T13:02:26+00:00; candle=2026-06-24T12:45:00+00:00
2026-06-24T12:03:22.236236+00:00 ALREADY_WRITTEN: Already handled candle 2026-06-24T12:45:00+00:00; mode=live; export=2026-06-24T13:02:56+00:00; candle=2026-06-24T12:45:00+00:00
2026-06-24T12:03:52.339933+00:00 ALREADY_WRITTEN: Already handled candle 2026-06-24T12:45:00+00:00; mode=live; export=2026-06-24T13:03:26+00:00; candle=2026-06-24T12:45:00+00:00
2026-06-24T12:04:22.441413+00:00 ALREADY_WRITTEN: Already handled candle 2026-06-24T12:45:00+00:00; mode=live; export=2026-06-24T13:03:56+00:00; candle=2026-06-24T12:45:00+00:00
2026-06-24T12:04:52.539945+00:00 ALREADY_WRITTEN: Already handled candle 2026-06-24T12:45:00+00:00; mode=live; export=2026-06-24T13:04:26+00:00; candle=2026-06-24T12:45:00+00:00
2026-06-24T12:05:22.633222+00:00 ALREADY_WRITTEN: Already handled candle 2026-06-24T12:45:00+00:00; mode=live; export=2026-06-24T13:04:56+00:00; candle=2026-06-24T12:45:00+00:00
2026-06-24T12:05:52.738765+00:00 ALREADY_WRITTEN: Already handled candle 2026-06-24T12:45:00+00:00; mode=live; export=2026-06-24T13:05:26+00:00; candle=2026-06-24T12:45:00+00:00
2026-06-24T12:06:22.834364+00:00 ALREADY_WRITTEN: Already handled candle 2026-06-24T12:45:00+00:00; mode=live; export=2026-06-24T13:05:56+00:00; candle=2026-06-24T12:45:00+00:00
2026-06-24T12:06:42.246821+00:00 WRITE_SPLIT: Writing split proposed orders: BUY USDCAD 17.70; BUY USDCHF 58.93; BUY USDJPY 29.51 as 107 capped chunks; mode=live; export=2026-06-24T13:06:26+00:00; candle=2026-06-24T12:45:00+00:00
2026-06-24T12:07:12.348503+00:00 ALREADY_WRITTEN: Already handled candle 2026-06-24T12:45:00+00:00; mode=live; export=2026-06-24T13:06:56+00:00; candle=2026-06-24T12:45:00+00:00
2026-06-24T12:07:42.451315+00:00 ALREADY_WRITTEN: Already handled candle 2026-06-24T12:45:00+00:00; mode=live; export=2026-06-24T13:07:26+00:00; candle=2026-06-24T12:45:00+00:00
2026-06-24T12:08:12.546271+00:00 ALREADY_WRITTEN: Already handled candle 2026-06-24T12:45:00+00:00; mode=live; export=2026-06-24T13:07:56+00:00; candle=2026-06-24T12:45:00+00:00
2026-06-24T12:08:42.652864+00:00 ALREADY_WRITTEN: Already handled candle 2026-06-24T12:45:00+00:00; mode=live; export=2026-06-24T13:08:26+00:00; candle=2026-06-24T12:45:00+00:00
2026-06-24T12:09:13.999694+00:00 WRITE: Writing proposed orders: BUY USDCAD 0.08; BUY USDCHF 0.08; BUY USDJPY 0.13; mode=live; export=2026-06-24T13:08:56+00:00; candle=2026-06-24T12:45:00+00:00
2026-06-24T12:09:44.089873+00:00 ALREADY_WRITTEN: Already handled candle 2026-06-24T12:45:00+00:00; mode=live; export=2026-06-24T13:09:26+00:00; candle=2026-06-24T12:45:00+00:00
2026-06-24T12:10:14.179317+00:00 ALREADY_WRITTEN: Already handled candle 2026-06-24T12:45:00+00:00; mode=live; export=2026-06-24T13:09:56+00:00; candle=2026-06-24T12:45:00+00:00
2026-06-24T12:10:44.281121+00:00 ALREADY_WRITTEN: Already handled candle 2026-06-24T12:45:00+00:00; mode=live; export=2026-06-24T13:10:26+00:00; candle=2026-06-24T12:45:00+00:00
2026-06-24T12:11:14.384813+00:00 ALREADY_WRITTEN: Already handled candle 2026-06-24T12:45:00+00:00; mode=live; export=2026-06-24T13:10:56+00:00; candle=2026-06-24T12:45:00+00:00
2026-06-24T12:11:44.514742+00:00 ALREADY_WRITTEN: Already handled candle 2026-06-24T12:45:00+00:00; mode=live; export=2026-06-24T13:11:26+00:00; candle=2026-06-24T12:45:00+00:00
2026-06-24T12:12:14.602360+00:00 ALREADY_WRITTEN: Already handled candle 2026-06-24T12:45:00+00:00; mode=live; export=2026-06-24T13:11:56+00:00; candle=2026-06-24T12:45:00+00:00
2026-06-24T12:12:44.704070+00:00 ALREADY_WRITTEN: Already handled candle 2026-06-24T12:45:00+00:00; mode=live; export=2026-06-24T13:12:26+00:00; candle=2026-06-24T12:45:00+00:00
2026-06-24T12:13:14.805423+00:00 ALREADY_WRITTEN: Already handled candle 2026-06-24T12:45:00+00:00; mode=live; export=2026-06-24T13:12:56+00:00; candle=2026-06-24T12:45:00+00:00
2026-06-24T12:13:44.904961+00:00 ALREADY_WRITTEN: Already handled candle 2026-06-24T12:45:00+00:00; mode=live; export=2026-06-24T13:13:26+00:00; candle=2026-06-24T12:45:00+00:00
2026-06-24T12:14:14.994470+00:00 ALREADY_WRITTEN: Already handled candle 2026-06-24T12:45:00+00:00; mode=live; export=2026-06-24T13:13:56+00:00; candle=2026-06-24T12:45:00+00:00
2026-06-24T12:14:45.079039+00:00 ALREADY_WRITTEN: Already handled candle 2026-06-24T12:45:00+00:00; mode=live; export=2026-06-24T13:14:26+00:00; candle=2026-06-24T12:45:00+00:00
2026-06-24T12:15:15.173378+00:00 ALREADY_WRITTEN: Already handled candle 2026-06-24T12:45:00+00:00; mode=live; export=2026-06-24T13:14:56+00:00; candle=2026-06-24T12:45:00+00:00
2026-06-24T12:15:45.268572+00:00 WRITE_SPLIT: Writing split proposed orders: BUY USDCAD 0.07; BUY USDCHF 0.07; SELL USDJPY 98.36 as 101 capped chunks; mode=live; export=2026-06-24T13:15:26+00:00; candle=2026-06-24T13:00:00+00:00
2026-06-24T12:16:15.356617+00:00 ALREADY_WRITTEN: Already handled candle 2026-06-24T13:00:00+00:00; mode=live; export=2026-06-24T13:15:56+00:00; candle=2026-06-24T13:00:00+00:00
2026-06-24T12:16:45.461678+00:00 ALREADY_WRITTEN: Already handled candle 2026-06-24T13:00:00+00:00; mode=live; export=2026-06-24T13:16:26+00:00; candle=2026-06-24T13:00:00+00:00
2026-06-24T12:17:15.549960+00:00 ALREADY_WRITTEN: Already handled candle 2026-06-24T13:00:00+00:00; mode=live; export=2026-06-24T13:16:56+00:00; candle=2026-06-24T13:00:00+00:00
2026-06-24T12:17:45.641834+00:00 ALREADY_WRITTEN: Already handled candle 2026-06-24T13:00:00+00:00; mode=live; export=2026-06-24T13:17:26+00:00; candle=2026-06-24T13:00:00+00:00
2026-06-24T12:18:15.747257+00:00 ALREADY_WRITTEN: Already handled candle 2026-06-24T13:00:00+00:00; mode=live; export=2026-06-24T13:17:56+00:00; candle=2026-06-24T13:00:00+00:00
2026-06-24T12:18:45.849379+00:00 ALREADY_WRITTEN: Already handled candle 2026-06-24T13:00:00+00:00; mode=live; export=2026-06-24T13:18:26+00:00; candle=2026-06-24T13:00:00+00:00
2026-06-24T12:19:15.953431+00:00 ALREADY_WRITTEN: Already handled candle 2026-06-24T13:00:00+00:00; mode=live; export=2026-06-24T13:18:56+00:00; candle=2026-06-24T13:00:00+00:00
2026-06-24T12:19:46.042496+00:00 ALREADY_WRITTEN: Already handled candle 2026-06-24T13:00:00+00:00; mode=live; export=2026-06-24T13:19:26+00:00; candle=2026-06-24T13:00:00+00:00
2026-06-24T12:20:16.143745+00:00 ALREADY_WRITTEN: Already handled candle 2026-06-24T13:00:00+00:00; mode=live; export=2026-06-24T13:19:56+00:00; candle=2026-06-24T13:00:00+00:00
2026-06-24T12:20:46.237628+00:00 ALREADY_WRITTEN: Already handled candle 2026-06-24T13:00:00+00:00; mode=live; export=2026-06-24T13:20:26+00:00; candle=2026-06-24T13:00:00+00:00
2026-06-24T12:21:16.330933+00:00 ALREADY_WRITTEN: Already handled candle 2026-06-24T13:00:00+00:00; mode=live; export=2026-06-24T13:20:56+00:00; candle=2026-06-24T13:00:00+00:00
2026-06-24T12:21:46.425508+00:00 ALREADY_WRITTEN: Already handled candle 2026-06-24T13:00:00+00:00; mode=live; export=2026-06-24T13:21:26+00:00; candle=2026-06-24T13:00:00+00:00
2026-06-24T12:22:16.517550+00:00 ALREADY_WRITTEN: Already handled candle 2026-06-24T13:00:00+00:00; mode=live; export=2026-06-24T13:21:56+00:00; candle=2026-06-24T13:00:00+00:00
2026-06-24T12:22:46.640531+00:00 ALREADY_WRITTEN: Already handled candle 2026-06-24T13:00:00+00:00; mode=live; export=2026-06-24T13:22:26+00:00; candle=2026-06-24T13:00:00+00:00
2026-06-24T12:23:16.740302+00:00 ALREADY_WRITTEN: Already handled candle 2026-06-24T13:00:00+00:00; mode=live; export=2026-06-24T13:22:56+00:00; candle=2026-06-24T13:00:00+00:00
2026-06-24T12:23:46.835153+00:00 ALREADY_WRITTEN: Already handled candle 2026-06-24T13:00:00+00:00; mode=live; export=2026-06-24T13:23:26+00:00; candle=2026-06-24T13:00:00+00:00
2026-06-24T12:24:16.929485+00:00 ALREADY_WRITTEN: Already handled candle 2026-06-24T13:00:00+00:00; mode=live; export=2026-06-24T13:23:56+00:00; candle=2026-06-24T13:00:00+00:00
2026-06-24T12:24:47.013847+00:00 ALREADY_WRITTEN: Already handled candle 2026-06-24T13:00:00+00:00; mode=live; export=2026-06-24T13:24:26+00:00; candle=2026-06-24T13:00:00+00:00
2026-06-24T12:25:17.106690+00:00 ALREADY_WRITTEN: Already handled candle 2026-06-24T13:00:00+00:00; mode=live; export=2026-06-24T13:24:56+00:00; candle=2026-06-24T13:00:00+00:00
2026-06-24T12:25:47.196072+00:00 ALREADY_WRITTEN: Already handled candle 2026-06-24T13:00:00+00:00; mode=live; export=2026-06-24T13:25:26+00:00; candle=2026-06-24T13:00:00+00:00
2026-06-24T12:26:17.296951+00:00 ALREADY_WRITTEN: Already handled candle 2026-06-24T13:00:00+00:00; mode=live; export=2026-06-24T13:25:56+00:00; candle=2026-06-24T13:00:00+00:00
2026-06-24T12:26:47.390836+00:00 ALREADY_WRITTEN: Already handled candle 2026-06-24T13:00:00+00:00; mode=live; export=2026-06-24T13:26:26+00:00; candle=2026-06-24T13:00:00+00:00
2026-06-24T12:27:17.484752+00:00 ALREADY_WRITTEN: Already handled candle 2026-06-24T13:00:00+00:00; mode=live; export=2026-06-24T13:26:56+00:00; candle=2026-06-24T13:00:00+00:00
2026-06-24T12:27:47.580541+00:00 ALREADY_WRITTEN: Already handled candle 2026-06-24T13:00:00+00:00; mode=live; export=2026-06-24T13:27:26+00:00; candle=2026-06-24T13:00:00+00:00
2026-06-24T12:28:17.676152+00:00 ALREADY_WRITTEN: Already handled candle 2026-06-24T13:00:00+00:00; mode=live; export=2026-06-24T13:27:56+00:00; candle=2026-06-24T13:00:00+00:00
2026-06-24T12:28:47.774778+00:00 ALREADY_WRITTEN: Already handled candle 2026-06-24T13:00:00+00:00; mode=live; export=2026-06-24T13:28:26+00:00; candle=2026-06-24T13:00:00+00:00
2026-06-24T12:29:17.880551+00:00 ALREADY_WRITTEN: Already handled candle 2026-06-24T13:00:00+00:00; mode=live; export=2026-06-24T13:28:56+00:00; candle=2026-06-24T13:00:00+00:00
2026-06-24T12:29:47.973378+00:00 ALREADY_WRITTEN: Already handled candle 2026-06-24T13:00:00+00:00; mode=live; export=2026-06-24T13:29:26+00:00; candle=2026-06-24T13:00:00+00:00
2026-06-24T12:30:18.053129+00:00 ALREADY_WRITTEN: Already handled candle 2026-06-24T13:00:00+00:00; mode=live; export=2026-06-24T13:29:56+00:00; candle=2026-06-24T13:00:00+00:00
2026-06-24T12:30:48.152508+00:00 WRITE_SPLIT: Writing split proposed orders: BUY USDCHF 75.17 as 76 capped chunks; mode=live; export=2026-06-24T13:30:26+00:00; candle=2026-06-24T13:15:00+00:00
2026-06-24T12:31:18.246832+00:00 ALREADY_WRITTEN: Already handled candle 2026-06-24T13:15:00+00:00; mode=live; export=2026-06-24T13:30:56+00:00; candle=2026-06-24T13:15:00+00:00
2026-06-24T12:31:48.335704+00:00 ALREADY_WRITTEN: Already handled candle 2026-06-24T13:15:00+00:00; mode=live; export=2026-06-24T13:31:26+00:00; candle=2026-06-24T13:15:00+00:00
2026-06-24T12:32:18.442581+00:00 ALREADY_WRITTEN: Already handled candle 2026-06-24T13:15:00+00:00; mode=live; export=2026-06-24T13:31:56+00:00; candle=2026-06-24T13:15:00+00:00
2026-06-24T12:32:48.525644+00:00 ALREADY_WRITTEN: Already handled candle 2026-06-24T13:15:00+00:00; mode=live; export=2026-06-24T13:32:26+00:00; candle=2026-06-24T13:15:00+00:00
2026-06-24T12:33:18.629987+00:00 ALREADY_WRITTEN: Already handled candle 2026-06-24T13:15:00+00:00; mode=live; export=2026-06-24T13:32:56+00:00; candle=2026-06-24T13:15:00+00:00
2026-06-24T12:33:48.732791+00:00 ALREADY_WRITTEN: Already handled candle 2026-06-24T13:15:00+00:00; mode=live; export=2026-06-24T13:33:26+00:00; candle=2026-06-24T13:15:00+00:00
2026-06-24T12:34:18.819837+00:00 ALREADY_WRITTEN: Already handled candle 2026-06-24T13:15:00+00:00; mode=live; export=2026-06-24T13:33:56+00:00; candle=2026-06-24T13:15:00+00:00
2026-06-24T12:34:48.919127+00:00 ALREADY_WRITTEN: Already handled candle 2026-06-24T13:15:00+00:00; mode=live; export=2026-06-24T13:34:26+00:00; candle=2026-06-24T13:15:00+00:00
2026-06-24T12:35:19.013333+00:00 ALREADY_WRITTEN: Already handled candle 2026-06-24T13:15:00+00:00; mode=live; export=2026-06-24T13:34:56+00:00; candle=2026-06-24T13:15:00+00:00
2026-06-24T12:35:49.108745+00:00 ALREADY_WRITTEN: Already handled candle 2026-06-24T13:15:00+00:00; mode=live; export=2026-06-24T13:35:26+00:00; candle=2026-06-24T13:15:00+00:00
2026-06-24T12:36:19.209815+00:00 ALREADY_WRITTEN: Already handled candle 2026-06-24T13:15:00+00:00; mode=live; export=2026-06-24T13:35:56+00:00; candle=2026-06-24T13:15:00+00:00
2026-06-24T12:36:49.313602+00:00 ALREADY_WRITTEN: Already handled candle 2026-06-24T13:15:00+00:00; mode=live; export=2026-06-24T13:36:26+00:00; candle=2026-06-24T13:15:00+00:00
2026-06-24T12:37:19.419093+00:00 ALREADY_WRITTEN: Already handled candle 2026-06-24T13:15:00+00:00; mode=live; export=2026-06-24T13:36:56+00:00; candle=2026-06-24T13:15:00+00:00
2026-06-24T12:37:49.520842+00:00 ALREADY_WRITTEN: Already handled candle 2026-06-24T13:15:00+00:00; mode=live; export=2026-06-24T13:37:26+00:00; candle=2026-06-24T13:15:00+00:00
2026-06-24T12:38:19.621649+00:00 ALREADY_WRITTEN: Already handled candle 2026-06-24T13:15:00+00:00; mode=live; export=2026-06-24T13:37:56+00:00; candle=2026-06-24T13:15:00+00:00
2026-06-24T12:38:49.715757+00:00 ALREADY_WRITTEN: Already handled candle 2026-06-24T13:15:00+00:00; mode=live; export=2026-06-24T13:38:26+00:00; candle=2026-06-24T13:15:00+00:00
2026-06-24T12:39:19.814508+00:00 ALREADY_WRITTEN: Already handled candle 2026-06-24T13:15:00+00:00; mode=live; export=2026-06-24T13:38:56+00:00; candle=2026-06-24T13:15:00+00:00
2026-06-24T12:39:49.918147+00:00 ALREADY_WRITTEN: Already handled candle 2026-06-24T13:15:00+00:00; mode=live; export=2026-06-24T13:39:26+00:00; candle=2026-06-24T13:15:00+00:00
2026-06-24T12:40:20.023554+00:00 ALREADY_WRITTEN: Already handled candle 2026-06-24T13:15:00+00:00; mode=live; export=2026-06-24T13:39:56+00:00; candle=2026-06-24T13:15:00+00:00
2026-06-24T12:40:50.132943+00:00 ALREADY_WRITTEN: Already handled candle 2026-06-24T13:15:00+00:00; mode=live; export=2026-06-24T13:40:26+00:00; candle=2026-06-24T13:15:00+00:00
2026-06-24T12:41:20.230071+00:00 ALREADY_WRITTEN: Already handled candle 2026-06-24T13:15:00+00:00; mode=live; export=2026-06-24T13:40:56+00:00; candle=2026-06-24T13:15:00+00:00
2026-06-24T12:41:50.343269+00:00 ALREADY_WRITTEN: Already handled candle 2026-06-24T13:15:00+00:00; mode=live; export=2026-06-24T13:41:26+00:00; candle=2026-06-24T13:15:00+00:00
2026-06-24T12:42:20.452359+00:00 ALREADY_WRITTEN: Already handled candle 2026-06-24T13:15:00+00:00; mode=live; export=2026-06-24T13:41:56+00:00; candle=2026-06-24T13:15:00+00:00
2026-06-24T12:42:50.553060+00:00 ALREADY_WRITTEN: Already handled candle 2026-06-24T13:15:00+00:00; mode=live; export=2026-06-24T13:42:26+00:00; candle=2026-06-24T13:15:00+00:00
2026-06-24T12:43:20.658250+00:00 ALREADY_WRITTEN: Already handled candle 2026-06-24T13:15:00+00:00; mode=live; export=2026-06-24T13:42:56+00:00; candle=2026-06-24T13:15:00+00:00
2026-06-24T12:43:50.765214+00:00 ALREADY_WRITTEN: Already handled candle 2026-06-24T13:15:00+00:00; mode=live; export=2026-06-24T13:43:26+00:00; candle=2026-06-24T13:15:00+00:00
2026-06-24T12:44:20.866446+00:00 ALREADY_WRITTEN: Already handled candle 2026-06-24T13:15:00+00:00; mode=live; export=2026-06-24T13:43:56+00:00; candle=2026-06-24T13:15:00+00:00
2026-06-24T12:44:50.971715+00:00 ALREADY_WRITTEN: Already handled candle 2026-06-24T13:15:00+00:00; mode=live; export=2026-06-24T13:44:26+00:00; candle=2026-06-24T13:15:00+00:00
2026-06-24T12:45:21.078596+00:00 ALREADY_WRITTEN: Already handled candle 2026-06-24T13:15:00+00:00; mode=live; export=2026-06-24T13:44:56+00:00; candle=2026-06-24T13:15:00+00:00
2026-06-24T12:45:51.192135+00:00 WRITE_SPLIT: Writing split proposed orders: BUY USDCHF 0.35; SELL USDJPY 100.00 as 101 capped chunks; mode=live; export=2026-06-24T13:45:26+00:00; candle=2026-06-24T13:30:00+00:00
2026-06-24T12:46:21.285253+00:00 ALREADY_WRITTEN: Already handled candle 2026-06-24T13:30:00+00:00; mode=live; export=2026-06-24T13:45:56+00:00; candle=2026-06-24T13:30:00+00:00
2026-06-24T12:46:51.394521+00:00 ALREADY_WRITTEN: Already handled candle 2026-06-24T13:30:00+00:00; mode=live; export=2026-06-24T13:46:26+00:00; candle=2026-06-24T13:30:00+00:00
2026-06-24T12:47:21.492102+00:00 ALREADY_WRITTEN: Already handled candle 2026-06-24T13:30:00+00:00; mode=live; export=2026-06-24T13:46:56+00:00; candle=2026-06-24T13:30:00+00:00
2026-06-24T12:47:51.598576+00:00 ALREADY_WRITTEN: Already handled candle 2026-06-24T13:30:00+00:00; mode=live; export=2026-06-24T13:47:26+00:00; candle=2026-06-24T13:30:00+00:00
2026-06-24T12:48:21.708588+00:00 ALREADY_WRITTEN: Already handled candle 2026-06-24T13:30:00+00:00; mode=live; export=2026-06-24T13:47:56+00:00; candle=2026-06-24T13:30:00+00:00
2026-06-24T12:48:51.815945+00:00 ALREADY_WRITTEN: Already handled candle 2026-06-24T13:30:00+00:00; mode=live; export=2026-06-24T13:48:26+00:00; candle=2026-06-24T13:30:00+00:00
2026-06-24T12:49:21.917039+00:00 ALREADY_WRITTEN: Already handled candle 2026-06-24T13:30:00+00:00; mode=live; export=2026-06-24T13:48:56+00:00; candle=2026-06-24T13:30:00+00:00
2026-06-24T12:49:52.023475+00:00 ALREADY_WRITTEN: Already handled candle 2026-06-24T13:30:00+00:00; mode=live; export=2026-06-24T13:49:26+00:00; candle=2026-06-24T13:30:00+00:00
2026-06-24T12:50:22.130759+00:00 ALREADY_WRITTEN: Already handled candle 2026-06-24T13:30:00+00:00; mode=live; export=2026-06-24T13:49:56+00:00; candle=2026-06-24T13:30:00+00:00
2026-06-24T12:50:52.236055+00:00 ALREADY_WRITTEN: Already handled candle 2026-06-24T13:30:00+00:00; mode=live; export=2026-06-24T13:50:26+00:00; candle=2026-06-24T13:30:00+00:00
2026-06-24T12:51:22.341208+00:00 ALREADY_WRITTEN: Already handled candle 2026-06-24T13:30:00+00:00; mode=live; export=2026-06-24T13:50:56+00:00; candle=2026-06-24T13:30:00+00:00
2026-06-24T12:51:52.440022+00:00 ALREADY_WRITTEN: Already handled candle 2026-06-24T13:30:00+00:00; mode=live; export=2026-06-24T13:51:26+00:00; candle=2026-06-24T13:30:00+00:00
2026-06-24T12:52:22.545826+00:00 ALREADY_WRITTEN: Already handled candle 2026-06-24T13:30:00+00:00; mode=live; export=2026-06-24T13:51:56+00:00; candle=2026-06-24T13:30:00+00:00
2026-06-24T12:52:52.647121+00:00 ALREADY_WRITTEN: Already handled candle 2026-06-24T13:30:00+00:00; mode=live; export=2026-06-24T13:52:26+00:00; candle=2026-06-24T13:30:00+00:00
2026-06-24T12:53:22.753285+00:00 ALREADY_WRITTEN: Already handled candle 2026-06-24T13:30:00+00:00; mode=live; export=2026-06-24T13:52:56+00:00; candle=2026-06-24T13:30:00+00:00
2026-06-24T12:53:52.858533+00:00 ALREADY_WRITTEN: Already handled candle 2026-06-24T13:30:00+00:00; mode=live; export=2026-06-24T13:53:26+00:00; candle=2026-06-24T13:30:00+00:00
2026-06-24T12:54:22.966581+00:00 ALREADY_WRITTEN: Already handled candle 2026-06-24T13:30:00+00:00; mode=live; export=2026-06-24T13:53:56+00:00; candle=2026-06-24T13:30:00+00:00
2026-06-24T12:54:53.068529+00:00 ALREADY_WRITTEN: Already handled candle 2026-06-24T13:30:00+00:00; mode=live; export=2026-06-24T13:54:26+00:00; candle=2026-06-24T13:30:00+00:00
2026-06-24T12:55:23.167602+00:00 ALREADY_WRITTEN: Already handled candle 2026-06-24T13:30:00+00:00; mode=live; export=2026-06-24T13:54:56+00:00; candle=2026-06-24T13:30:00+00:00
2026-06-24T12:55:53.274091+00:00 ALREADY_WRITTEN: Already handled candle 2026-06-24T13:30:00+00:00; mode=live; export=2026-06-24T13:55:26+00:00; candle=2026-06-24T13:30:00+00:00
2026-06-24T12:56:23.386067+00:00 ALREADY_WRITTEN: Already handled candle 2026-06-24T13:30:00+00:00; mode=live; export=2026-06-24T13:55:56+00:00; candle=2026-06-24T13:30:00+00:00
2026-06-24T12:56:53.501859+00:00 ALREADY_WRITTEN: Already handled candle 2026-06-24T13:30:00+00:00; mode=live; export=2026-06-24T13:56:26+00:00; candle=2026-06-24T13:30:00+00:00
2026-06-24T12:57:23.609410+00:00 ALREADY_WRITTEN: Already handled candle 2026-06-24T13:30:00+00:00; mode=live; export=2026-06-24T13:56:56+00:00; candle=2026-06-24T13:30:00+00:00
2026-06-24T12:57:53.721246+00:00 ALREADY_WRITTEN: Already handled candle 2026-06-24T13:30:00+00:00; mode=live; export=2026-06-24T13:57:26+00:00; candle=2026-06-24T13:30:00+00:00
2026-06-24T12:58:23.820896+00:00 ALREADY_WRITTEN: Already handled candle 2026-06-24T13:30:00+00:00; mode=live; export=2026-06-24T13:57:56+00:00; candle=2026-06-24T13:30:00+00:00
2026-06-24T12:58:53.930702+00:00 ALREADY_WRITTEN: Already handled candle 2026-06-24T13:30:00+00:00; mode=live; export=2026-06-24T13:58:26+00:00; candle=2026-06-24T13:30:00+00:00
2026-06-24T12:59:24.039626+00:00 ALREADY_WRITTEN: Already handled candle 2026-06-24T13:30:00+00:00; mode=live; export=2026-06-24T13:58:56+00:00; candle=2026-06-24T13:30:00+00:00
2026-06-24T12:59:54.138902+00:00 ALREADY_WRITTEN: Already handled candle 2026-06-24T13:30:00+00:00; mode=live; export=2026-06-24T13:59:26+00:00; candle=2026-06-24T13:30:00+00:00
2026-06-24T13:00:24.233567+00:00 ALREADY_WRITTEN: Already handled candle 2026-06-24T13:30:00+00:00; mode=live; export=2026-06-24T13:59:56+00:00; candle=2026-06-24T13:30:00+00:00
2026-06-24T13:00:54.338349+00:00 WRITE_SPLIT: Writing split proposed orders: SELL USDJPY 100.00 as 100 capped chunks; mode=live; export=2026-06-24T14:00:26+00:00; candle=2026-06-24T13:45:00+00:00
2026-06-24T13:01:24.440127+00:00 ALREADY_WRITTEN: Already handled candle 2026-06-24T13:45:00+00:00; mode=live; export=2026-06-24T14:00:56+00:00; candle=2026-06-24T13:45:00+00:00
2026-06-24T13:01:54.536627+00:00 ALREADY_WRITTEN: Already handled candle 2026-06-24T13:45:00+00:00; mode=live; export=2026-06-24T14:01:26+00:00; candle=2026-06-24T13:45:00+00:00
2026-06-24T13:02:24.640398+00:00 ALREADY_WRITTEN: Already handled candle 2026-06-24T13:45:00+00:00; mode=live; export=2026-06-24T14:01:56+00:00; candle=2026-06-24T13:45:00+00:00
2026-06-24T13:02:54.729926+00:00 ALREADY_WRITTEN: Already handled candle 2026-06-24T13:45:00+00:00; mode=live; export=2026-06-24T14:02:26+00:00; candle=2026-06-24T13:45:00+00:00
2026-06-24T13:03:24.823231+00:00 ALREADY_WRITTEN: Already handled candle 2026-06-24T13:45:00+00:00; mode=live; export=2026-06-24T14:02:56+00:00; candle=2026-06-24T13:45:00+00:00
2026-06-24T13:03:54.920306+00:00 ALREADY_WRITTEN: Already handled candle 2026-06-24T13:45:00+00:00; mode=live; export=2026-06-24T14:03:26+00:00; candle=2026-06-24T13:45:00+00:00
2026-06-24T13:04:25.018534+00:00 ALREADY_WRITTEN: Already handled candle 2026-06-24T13:45:00+00:00; mode=live; export=2026-06-24T14:03:56+00:00; candle=2026-06-24T13:45:00+00:00
2026-06-24T13:04:55.120458+00:00 ALREADY_WRITTEN: Already handled candle 2026-06-24T13:45:00+00:00; mode=live; export=2026-06-24T14:04:26+00:00; candle=2026-06-24T13:45:00+00:00
2026-06-24T13:05:25.218130+00:00 ALREADY_WRITTEN: Already handled candle 2026-06-24T13:45:00+00:00; mode=live; export=2026-06-24T14:04:56+00:00; candle=2026-06-24T13:45:00+00:00
2026-06-24T13:05:55.318931+00:00 ALREADY_WRITTEN: Already handled candle 2026-06-24T13:45:00+00:00; mode=live; export=2026-06-24T14:05:26+00:00; candle=2026-06-24T13:45:00+00:00
2026-06-24T13:06:25.423931+00:00 ALREADY_WRITTEN: Already handled candle 2026-06-24T13:45:00+00:00; mode=live; export=2026-06-24T14:05:56+00:00; candle=2026-06-24T13:45:00+00:00
2026-06-24T13:06:55.518865+00:00 ALREADY_WRITTEN: Already handled candle 2026-06-24T13:45:00+00:00; mode=live; export=2026-06-24T14:06:26+00:00; candle=2026-06-24T13:45:00+00:00
2026-06-24T13:07:25.618174+00:00 ALREADY_WRITTEN: Already handled candle 2026-06-24T13:45:00+00:00; mode=live; export=2026-06-24T14:06:56+00:00; candle=2026-06-24T13:45:00+00:00
2026-06-24T13:07:55.718577+00:00 ALREADY_WRITTEN: Already handled candle 2026-06-24T13:45:00+00:00; mode=live; export=2026-06-24T14:07:26+00:00; candle=2026-06-24T13:45:00+00:00
2026-06-24T13:08:25.824132+00:00 ALREADY_WRITTEN: Already handled candle 2026-06-24T13:45:00+00:00; mode=live; export=2026-06-24T14:07:56+00:00; candle=2026-06-24T13:45:00+00:00
2026-06-24T13:08:55.928573+00:00 ALREADY_WRITTEN: Already handled candle 2026-06-24T13:45:00+00:00; mode=live; export=2026-06-24T14:08:26+00:00; candle=2026-06-24T13:45:00+00:00
2026-06-24T13:09:26.033109+00:00 ALREADY_WRITTEN: Already handled candle 2026-06-24T13:45:00+00:00; mode=live; export=2026-06-24T14:08:56+00:00; candle=2026-06-24T13:45:00+00:00
2026-06-24T13:09:56.125955+00:00 ALREADY_WRITTEN: Already handled candle 2026-06-24T13:45:00+00:00; mode=live; export=2026-06-24T14:09:26+00:00; candle=2026-06-24T13:45:00+00:00
2026-06-24T13:10:26.227938+00:00 ALREADY_WRITTEN: Already handled candle 2026-06-24T13:45:00+00:00; mode=live; export=2026-06-24T14:10:26+00:00; candle=2026-06-24T13:45:00+00:00
2026-06-24T13:10:56.333029+00:00 ALREADY_WRITTEN: Already handled candle 2026-06-24T13:45:00+00:00; mode=live; export=2026-06-24T14:10:56+00:00; candle=2026-06-24T13:45:00+00:00
2026-06-24T13:11:26.429294+00:00 ALREADY_WRITTEN: Already handled candle 2026-06-24T13:45:00+00:00; mode=live; export=2026-06-24T14:11:26+00:00; candle=2026-06-24T13:45:00+00:00
2026-06-24T13:11:56.516752+00:00 ALREADY_WRITTEN: Already handled candle 2026-06-24T13:45:00+00:00; mode=live; export=2026-06-24T14:11:56+00:00; candle=2026-06-24T13:45:00+00:00
2026-06-24T13:12:26.625066+00:00 ALREADY_WRITTEN: Already handled candle 2026-06-24T13:45:00+00:00; mode=live; export=2026-06-24T14:12:26+00:00; candle=2026-06-24T13:45:00+00:00
2026-06-24T13:12:56.729558+00:00 ALREADY_WRITTEN: Already handled candle 2026-06-24T13:45:00+00:00; mode=live; export=2026-06-24T14:12:56+00:00; candle=2026-06-24T13:45:00+00:00
2026-06-24T13:13:26.828794+00:00 ALREADY_WRITTEN: Already handled candle 2026-06-24T13:45:00+00:00; mode=live; export=2026-06-24T14:13:26+00:00; candle=2026-06-24T13:45:00+00:00
2026-06-24T13:13:56.927829+00:00 ALREADY_WRITTEN: Already handled candle 2026-06-24T13:45:00+00:00; mode=live; export=2026-06-24T14:13:56+00:00; candle=2026-06-24T13:45:00+00:00
2026-06-24T13:14:27.033512+00:00 ALREADY_WRITTEN: Already handled candle 2026-06-24T13:45:00+00:00; mode=live; export=2026-06-24T14:14:26+00:00; candle=2026-06-24T13:45:00+00:00
2026-06-24T13:14:57.137765+00:00 ALREADY_WRITTEN: Already handled candle 2026-06-24T13:45:00+00:00; mode=live; export=2026-06-24T14:14:56+00:00; candle=2026-06-24T13:45:00+00:00
2026-06-24T13:15:27.239579+00:00 WRITE: Writing proposed orders: BUY USDCHF 0.29; mode=live; export=2026-06-24T14:15:26+00:00; candle=2026-06-24T14:00:00+00:00
2026-06-24T13:15:57.339492+00:00 ALREADY_WRITTEN: Already handled candle 2026-06-24T14:00:00+00:00; mode=live; export=2026-06-24T14:15:56+00:00; candle=2026-06-24T14:00:00+00:00
2026-06-24T13:16:27.432129+00:00 ALREADY_WRITTEN: Already handled candle 2026-06-24T14:00:00+00:00; mode=live; export=2026-06-24T14:16:26+00:00; candle=2026-06-24T14:00:00+00:00
2026-06-24T13:16:57.544138+00:00 ALREADY_WRITTEN: Already handled candle 2026-06-24T14:00:00+00:00; mode=live; export=2026-06-24T14:16:56+00:00; candle=2026-06-24T14:00:00+00:00
2026-06-24T13:17:27.648750+00:00 ALREADY_WRITTEN: Already handled candle 2026-06-24T14:00:00+00:00; mode=live; export=2026-06-24T14:17:26+00:00; candle=2026-06-24T14:00:00+00:00
2026-06-24T13:17:57.741785+00:00 ALREADY_WRITTEN: Already handled candle 2026-06-24T14:00:00+00:00; mode=live; export=2026-06-24T14:17:56+00:00; candle=2026-06-24T14:00:00+00:00
2026-06-24T13:18:27.846792+00:00 ALREADY_WRITTEN: Already handled candle 2026-06-24T14:00:00+00:00; mode=live; export=2026-06-24T14:18:26+00:00; candle=2026-06-24T14:00:00+00:00
2026-06-24T13:18:57.955302+00:00 ALREADY_WRITTEN: Already handled candle 2026-06-24T14:00:00+00:00; mode=live; export=2026-06-24T14:18:56+00:00; candle=2026-06-24T14:00:00+00:00
2026-06-24T13:19:28.059896+00:00 ALREADY_WRITTEN: Already handled candle 2026-06-24T14:00:00+00:00; mode=live; export=2026-06-24T14:19:26+00:00; candle=2026-06-24T14:00:00+00:00
2026-06-24T13:19:58.157995+00:00 ALREADY_WRITTEN: Already handled candle 2026-06-24T14:00:00+00:00; mode=live; export=2026-06-24T14:19:56+00:00; candle=2026-06-24T14:00:00+00:00
2026-06-24T13:20:28.259865+00:00 ALREADY_WRITTEN: Already handled candle 2026-06-24T14:00:00+00:00; mode=live; export=2026-06-24T14:20:26+00:00; candle=2026-06-24T14:00:00+00:00
2026-06-24T13:20:58.368625+00:00 ALREADY_WRITTEN: Already handled candle 2026-06-24T14:00:00+00:00; mode=live; export=2026-06-24T14:20:56+00:00; candle=2026-06-24T14:00:00+00:00
2026-06-24T13:21:28.471538+00:00 ALREADY_WRITTEN: Already handled candle 2026-06-24T14:00:00+00:00; mode=live; export=2026-06-24T14:21:26+00:00; candle=2026-06-24T14:00:00+00:00
2026-06-24T13:21:58.569569+00:00 ALREADY_WRITTEN: Already handled candle 2026-06-24T14:00:00+00:00; mode=live; export=2026-06-24T14:21:56+00:00; candle=2026-06-24T14:00:00+00:00
2026-06-24T13:22:28.674403+00:00 ALREADY_WRITTEN: Already handled candle 2026-06-24T14:00:00+00:00; mode=live; export=2026-06-24T14:22:26+00:00; candle=2026-06-24T14:00:00+00:00
2026-06-24T13:22:58.773942+00:00 ALREADY_WRITTEN: Already handled candle 2026-06-24T14:00:00+00:00; mode=live; export=2026-06-24T14:22:56+00:00; candle=2026-06-24T14:00:00+00:00
2026-06-24T13:23:28.875778+00:00 ALREADY_WRITTEN: Already handled candle 2026-06-24T14:00:00+00:00; mode=live; export=2026-06-24T14:23:26+00:00; candle=2026-06-24T14:00:00+00:00
2026-06-24T13:23:58.976041+00:00 ALREADY_WRITTEN: Already handled candle 2026-06-24T14:00:00+00:00; mode=live; export=2026-06-24T14:23:56+00:00; candle=2026-06-24T14:00:00+00:00
2026-06-24T13:24:29.086399+00:00 ALREADY_WRITTEN: Already handled candle 2026-06-24T14:00:00+00:00; mode=live; export=2026-06-24T14:24:26+00:00; candle=2026-06-24T14:00:00+00:00
2026-06-24T13:24:59.181645+00:00 ALREADY_WRITTEN: Already handled candle 2026-06-24T14:00:00+00:00; mode=live; export=2026-06-24T14:24:56+00:00; candle=2026-06-24T14:00:00+00:00
2026-06-24T13:25:29.277409+00:00 ALREADY_WRITTEN: Already handled candle 2026-06-24T14:00:00+00:00; mode=live; export=2026-06-24T14:25:26+00:00; candle=2026-06-24T14:00:00+00:00
2026-06-24T13:25:59.374074+00:00 ALREADY_WRITTEN: Already handled candle 2026-06-24T14:00:00+00:00; mode=live; export=2026-06-24T14:25:56+00:00; candle=2026-06-24T14:00:00+00:00
2026-06-24T13:26:29.479836+00:00 ALREADY_WRITTEN: Already handled candle 2026-06-24T14:00:00+00:00; mode=live; export=2026-06-24T14:26:26+00:00; candle=2026-06-24T14:00:00+00:00
2026-06-24T13:26:59.575850+00:00 ALREADY_WRITTEN: Already handled candle 2026-06-24T14:00:00+00:00; mode=live; export=2026-06-24T14:26:56+00:00; candle=2026-06-24T14:00:00+00:00
2026-06-24T13:27:29.682980+00:00 ALREADY_WRITTEN: Already handled candle 2026-06-24T14:00:00+00:00; mode=live; export=2026-06-24T14:27:26+00:00; candle=2026-06-24T14:00:00+00:00
2026-06-24T13:27:59.789774+00:00 ALREADY_WRITTEN: Already handled candle 2026-06-24T14:00:00+00:00; mode=live; export=2026-06-24T14:27:56+00:00; candle=2026-06-24T14:00:00+00:00
2026-06-24T13:28:29.898778+00:00 ALREADY_WRITTEN: Already handled candle 2026-06-24T14:00:00+00:00; mode=live; export=2026-06-24T14:28:26+00:00; candle=2026-06-24T14:00:00+00:00
2026-06-24T13:28:59.975875+00:00 ALREADY_WRITTEN: Already handled candle 2026-06-24T14:00:00+00:00; mode=live; export=2026-06-24T14:28:56+00:00; candle=2026-06-24T14:00:00+00:00
2026-06-24T13:29:30.082077+00:00 ALREADY_WRITTEN: Already handled candle 2026-06-24T14:00:00+00:00; mode=live; export=2026-06-24T14:29:26+00:00; candle=2026-06-24T14:00:00+00:00
2026-06-24T13:30:00.174996+00:00 ALREADY_WRITTEN: Already handled candle 2026-06-24T14:00:00+00:00; mode=live; export=2026-06-24T14:29:56+00:00; candle=2026-06-24T14:00:00+00:00
2026-06-24T13:30:30.271058+00:00 WRITE_SPLIT: Writing split proposed orders: BUY USDCAD 41.41; BUY USDCHF 41.41; BUY USDJPY 100.00 as 184 capped chunks; mode=live; export=2026-06-24T14:30:26+00:00; candle=2026-06-24T14:15:00+00:00
2026-06-24T13:31:00.356904+00:00 ALREADY_WRITTEN: Already handled candle 2026-06-24T14:15:00+00:00; mode=live; export=2026-06-24T14:30:56+00:00; candle=2026-06-24T14:15:00+00:00
2026-06-24T13:31:30.443235+00:00 ALREADY_WRITTEN: Already handled candle 2026-06-24T14:15:00+00:00; mode=live; export=2026-06-24T14:31:26+00:00; candle=2026-06-24T14:15:00+00:00
2026-06-24T13:32:00.538044+00:00 ALREADY_WRITTEN: Already handled candle 2026-06-24T14:15:00+00:00; mode=live; export=2026-06-24T14:31:56+00:00; candle=2026-06-24T14:15:00+00:00
2026-06-24T13:32:30.624701+00:00 ALREADY_WRITTEN: Already handled candle 2026-06-24T14:15:00+00:00; mode=live; export=2026-06-24T14:32:26+00:00; candle=2026-06-24T14:15:00+00:00
2026-06-24T13:33:00.713571+00:00 ALREADY_WRITTEN: Already handled candle 2026-06-24T14:15:00+00:00; mode=live; export=2026-06-24T14:32:56+00:00; candle=2026-06-24T14:15:00+00:00
2026-06-24T13:33:30.803017+00:00 ALREADY_WRITTEN: Already handled candle 2026-06-24T14:15:00+00:00; mode=live; export=2026-06-24T14:33:26+00:00; candle=2026-06-24T14:15:00+00:00
2026-06-24T13:34:00.892876+00:00 ALREADY_WRITTEN: Already handled candle 2026-06-24T14:15:00+00:00; mode=live; export=2026-06-24T14:33:56+00:00; candle=2026-06-24T14:15:00+00:00
2026-06-24T13:34:30.980986+00:00 ALREADY_WRITTEN: Already handled candle 2026-06-24T14:15:00+00:00; mode=live; export=2026-06-24T14:34:26+00:00; candle=2026-06-24T14:15:00+00:00
2026-06-24T13:35:01.066234+00:00 ALREADY_WRITTEN: Already handled candle 2026-06-24T14:15:00+00:00; mode=live; export=2026-06-24T14:34:56+00:00; candle=2026-06-24T14:15:00+00:00
2026-06-24T13:35:31.162283+00:00 ALREADY_WRITTEN: Already handled candle 2026-06-24T14:15:00+00:00; mode=live; export=2026-06-24T14:35:26+00:00; candle=2026-06-24T14:15:00+00:00
2026-06-24T13:36:01.243783+00:00 ALREADY_WRITTEN: Already handled candle 2026-06-24T14:15:00+00:00; mode=live; export=2026-06-24T14:35:56+00:00; candle=2026-06-24T14:15:00+00:00
2026-06-24T13:36:31.333335+00:00 ALREADY_WRITTEN: Already handled candle 2026-06-24T14:15:00+00:00; mode=live; export=2026-06-24T14:36:26+00:00; candle=2026-06-24T14:15:00+00:00
2026-06-24T13:37:01.430156+00:00 ALREADY_WRITTEN: Already handled candle 2026-06-24T14:15:00+00:00; mode=live; export=2026-06-24T14:36:56+00:00; candle=2026-06-24T14:15:00+00:00
2026-06-24T13:37:31.525010+00:00 ALREADY_WRITTEN: Already handled candle 2026-06-24T14:15:00+00:00; mode=live; export=2026-06-24T14:37:26+00:00; candle=2026-06-24T14:15:00+00:00
2026-06-24T13:38:01.617139+00:00 ALREADY_WRITTEN: Already handled candle 2026-06-24T14:15:00+00:00; mode=live; export=2026-06-24T14:37:56+00:00; candle=2026-06-24T14:15:00+00:00
2026-06-24T13:38:31.714200+00:00 ALREADY_WRITTEN: Already handled candle 2026-06-24T14:15:00+00:00; mode=live; export=2026-06-24T14:38:26+00:00; candle=2026-06-24T14:15:00+00:00
2026-06-24T13:39:01.806103+00:00 ALREADY_WRITTEN: Already handled candle 2026-06-24T14:15:00+00:00; mode=live; export=2026-06-24T14:38:56+00:00; candle=2026-06-24T14:15:00+00:00
2026-06-24T13:39:31.904573+00:00 ALREADY_WRITTEN: Already handled candle 2026-06-24T14:15:00+00:00; mode=live; export=2026-06-24T14:39:26+00:00; candle=2026-06-24T14:15:00+00:00
2026-06-24T13:40:02.001009+00:00 ALREADY_WRITTEN: Already handled candle 2026-06-24T14:15:00+00:00; mode=live; export=2026-06-24T14:39:56+00:00; candle=2026-06-24T14:15:00+00:00
2026-06-24T13:40:32.091144+00:00 ALREADY_WRITTEN: Already handled candle 2026-06-24T14:15:00+00:00; mode=live; export=2026-06-24T14:40:26+00:00; candle=2026-06-24T14:15:00+00:00
2026-06-24T13:44:13.571672+00:00 ALREADY_WRITTEN: Already handled candle 2026-06-24T14:15:00+00:00; mode=live; export=2026-06-24T14:44:09+00:00; candle=2026-06-24T14:15:00+00:00
2026-06-24T13:44:43.675310+00:00 ALREADY_WRITTEN: Already handled candle 2026-06-24T14:15:00+00:00; mode=live; export=2026-06-24T14:44:39+00:00; candle=2026-06-24T14:15:00+00:00
2026-06-24T13:45:13.764597+00:00 HOLD: No meaningful orders after tiny-churn filter; mode=live; export=2026-06-24T14:45:09+00:00; candle=2026-06-24T14:30:00+00:00
2026-06-24T13:45:43.855292+00:00 WRITE_SPLIT: Writing split proposed orders: BUY USDCAD 41.45; BUY USDCHF 41.45; SELL XAUUSD 20.64 as 105 capped chunks; mode=live; export=2026-06-24T14:45:39+00:00; candle=2026-06-24T14:30:00+00:00
2026-06-24T13:46:13.944726+00:00 ALREADY_WRITTEN: Already handled candle 2026-06-24T14:30:00+00:00; mode=live; export=2026-06-24T14:46:09+00:00; candle=2026-06-24T14:30:00+00:00
2026-06-24T13:46:44.031820+00:00 ALREADY_WRITTEN: Already handled candle 2026-06-24T14:30:00+00:00; mode=live; export=2026-06-24T14:46:39+00:00; candle=2026-06-24T14:30:00+00:00
2026-06-24T13:47:14.123660+00:00 ALREADY_WRITTEN: Already handled candle 2026-06-24T14:30:00+00:00; mode=live; export=2026-06-24T14:47:09+00:00; candle=2026-06-24T14:30:00+00:00
2026-06-24T13:47:44.209006+00:00 ALREADY_WRITTEN: Already handled candle 2026-06-24T14:30:00+00:00; mode=live; export=2026-06-24T14:47:39+00:00; candle=2026-06-24T14:30:00+00:00
2026-06-24T13:48:14.305236+00:00 ALREADY_WRITTEN: Already handled candle 2026-06-24T14:30:00+00:00; mode=live; export=2026-06-24T14:48:09+00:00; candle=2026-06-24T14:30:00+00:00
2026-06-24T13:48:44.399313+00:00 ALREADY_WRITTEN: Already handled candle 2026-06-24T14:30:00+00:00; mode=live; export=2026-06-24T14:48:39+00:00; candle=2026-06-24T14:30:00+00:00
2026-06-24T13:49:14.492127+00:00 ALREADY_WRITTEN: Already handled candle 2026-06-24T14:30:00+00:00; mode=live; export=2026-06-24T14:49:09+00:00; candle=2026-06-24T14:30:00+00:00
2026-06-24T13:49:44.588951+00:00 ALREADY_WRITTEN: Already handled candle 2026-06-24T14:30:00+00:00; mode=live; export=2026-06-24T14:49:39+00:00; candle=2026-06-24T14:30:00+00:00
2026-06-24T13:50:14.677658+00:00 ALREADY_WRITTEN: Already handled candle 2026-06-24T14:30:00+00:00; mode=live; export=2026-06-24T14:50:09+00:00; candle=2026-06-24T14:30:00+00:00
2026-06-24T13:50:44.767218+00:00 ALREADY_WRITTEN: Already handled candle 2026-06-24T14:30:00+00:00; mode=live; export=2026-06-24T14:50:39+00:00; candle=2026-06-24T14:30:00+00:00
2026-06-24T13:51:14.857558+00:00 ALREADY_WRITTEN: Already handled candle 2026-06-24T14:30:00+00:00; mode=live; export=2026-06-24T14:51:09+00:00; candle=2026-06-24T14:30:00+00:00
2026-06-24T13:51:44.963849+00:00 ALREADY_WRITTEN: Already handled candle 2026-06-24T14:30:00+00:00; mode=live; export=2026-06-24T14:51:39+00:00; candle=2026-06-24T14:30:00+00:00
2026-06-24T13:52:15.051254+00:00 ALREADY_WRITTEN: Already handled candle 2026-06-24T14:30:00+00:00; mode=live; export=2026-06-24T14:52:09+00:00; candle=2026-06-24T14:30:00+00:00
2026-06-24T13:52:45.138495+00:00 ALREADY_WRITTEN: Already handled candle 2026-06-24T14:30:00+00:00; mode=live; export=2026-06-24T14:52:39+00:00; candle=2026-06-24T14:30:00+00:00
2026-06-24T13:53:15.228952+00:00 ALREADY_WRITTEN: Already handled candle 2026-06-24T14:30:00+00:00; mode=live; export=2026-06-24T14:53:09+00:00; candle=2026-06-24T14:30:00+00:00
2026-06-24T13:53:45.324067+00:00 ALREADY_WRITTEN: Already handled candle 2026-06-24T14:30:00+00:00; mode=live; export=2026-06-24T14:53:39+00:00; candle=2026-06-24T14:30:00+00:00
2026-06-24T13:54:15.414175+00:00 ALREADY_WRITTEN: Already handled candle 2026-06-24T14:30:00+00:00; mode=live; export=2026-06-24T14:54:09+00:00; candle=2026-06-24T14:30:00+00:00
2026-06-24T13:54:45.509490+00:00 ALREADY_WRITTEN: Already handled candle 2026-06-24T14:30:00+00:00; mode=live; export=2026-06-24T14:54:39+00:00; candle=2026-06-24T14:30:00+00:00
2026-06-24T13:55:15.612886+00:00 ALREADY_WRITTEN: Already handled candle 2026-06-24T14:30:00+00:00; mode=live; export=2026-06-24T14:55:09+00:00; candle=2026-06-24T14:30:00+00:00
2026-06-24T13:55:45.714895+00:00 ALREADY_WRITTEN: Already handled candle 2026-06-24T14:30:00+00:00; mode=live; export=2026-06-24T14:55:39+00:00; candle=2026-06-24T14:30:00+00:00
2026-06-24T13:56:15.817627+00:00 ALREADY_WRITTEN: Already handled candle 2026-06-24T14:30:00+00:00; mode=live; export=2026-06-24T14:56:09+00:00; candle=2026-06-24T14:30:00+00:00
2026-06-24T13:56:45.917046+00:00 ALREADY_WRITTEN: Already handled candle 2026-06-24T14:30:00+00:00; mode=live; export=2026-06-24T14:56:39+00:00; candle=2026-06-24T14:30:00+00:00
2026-06-24T13:57:16.005337+00:00 ALREADY_WRITTEN: Already handled candle 2026-06-24T14:30:00+00:00; mode=live; export=2026-06-24T14:57:09+00:00; candle=2026-06-24T14:30:00+00:00
2026-06-24T13:57:46.099422+00:00 ALREADY_WRITTEN: Already handled candle 2026-06-24T14:30:00+00:00; mode=live; export=2026-06-24T14:57:39+00:00; candle=2026-06-24T14:30:00+00:00
2026-06-24T13:58:16.197344+00:00 ALREADY_WRITTEN: Already handled candle 2026-06-24T14:30:00+00:00; mode=live; export=2026-06-24T14:58:09+00:00; candle=2026-06-24T14:30:00+00:00
2026-06-24T13:58:46.289405+00:00 ALREADY_WRITTEN: Already handled candle 2026-06-24T14:30:00+00:00; mode=live; export=2026-06-24T14:58:39+00:00; candle=2026-06-24T14:30:00+00:00
2026-06-24T13:59:16.387768+00:00 ALREADY_WRITTEN: Already handled candle 2026-06-24T14:30:00+00:00; mode=live; export=2026-06-24T14:59:09+00:00; candle=2026-06-24T14:30:00+00:00
2026-06-24T13:59:46.495204+00:00 ALREADY_WRITTEN: Already handled candle 2026-06-24T14:30:00+00:00; mode=live; export=2026-06-24T14:59:39+00:00; candle=2026-06-24T14:30:00+00:00
2026-06-24T14:00:16.589779+00:00 WRITE_SPLIT: Writing split proposed orders: SELL USDCAD 19.33; BUY USDCHF 22.12; SELL USDJPY 36.88; SELL XAUUSD 10.95 as 91 capped chunks; mode=live; export=2026-06-24T15:00:09+00:00; candle=2026-06-24T14:45:00+00:00
2026-06-24T14:00:46.679868+00:00 ALREADY_WRITTEN: Already handled candle 2026-06-24T14:45:00+00:00; mode=live; export=2026-06-24T15:00:39+00:00; candle=2026-06-24T14:45:00+00:00
2026-06-24T14:01:16.771962+00:00 ALREADY_WRITTEN: Already handled candle 2026-06-24T14:45:00+00:00; mode=live; export=2026-06-24T15:01:09+00:00; candle=2026-06-24T14:45:00+00:00
2026-06-24T14:01:46.863436+00:00 ALREADY_WRITTEN: Already handled candle 2026-06-24T14:45:00+00:00; mode=live; export=2026-06-24T15:01:39+00:00; candle=2026-06-24T14:45:00+00:00
2026-06-24T14:02:16.957907+00:00 ALREADY_WRITTEN: Already handled candle 2026-06-24T14:45:00+00:00; mode=live; export=2026-06-24T15:02:09+00:00; candle=2026-06-24T14:45:00+00:00
2026-06-24T14:02:47.052794+00:00 ALREADY_WRITTEN: Already handled candle 2026-06-24T14:45:00+00:00; mode=live; export=2026-06-24T15:02:39+00:00; candle=2026-06-24T14:45:00+00:00
2026-06-24T14:03:17.147743+00:00 ALREADY_WRITTEN: Already handled candle 2026-06-24T14:45:00+00:00; mode=live; export=2026-06-24T15:03:09+00:00; candle=2026-06-24T14:45:00+00:00
2026-06-24T14:03:47.236538+00:00 ALREADY_WRITTEN: Already handled candle 2026-06-24T14:45:00+00:00; mode=live; export=2026-06-24T15:03:39+00:00; candle=2026-06-24T14:45:00+00:00
2026-06-24T14:04:17.332229+00:00 ALREADY_WRITTEN: Already handled candle 2026-06-24T14:45:00+00:00; mode=live; export=2026-06-24T15:04:09+00:00; candle=2026-06-24T14:45:00+00:00
2026-06-24T14:04:47.434628+00:00 ALREADY_WRITTEN: Already handled candle 2026-06-24T14:45:00+00:00; mode=live; export=2026-06-24T15:04:39+00:00; candle=2026-06-24T14:45:00+00:00
2026-06-24T14:05:17.531524+00:00 ALREADY_WRITTEN: Already handled candle 2026-06-24T14:45:00+00:00; mode=live; export=2026-06-24T15:05:09+00:00; candle=2026-06-24T14:45:00+00:00
2026-06-24T14:05:47.623305+00:00 ALREADY_WRITTEN: Already handled candle 2026-06-24T14:45:00+00:00; mode=live; export=2026-06-24T15:05:39+00:00; candle=2026-06-24T14:45:00+00:00
2026-06-24T14:06:17.710405+00:00 ALREADY_WRITTEN: Already handled candle 2026-06-24T14:45:00+00:00; mode=live; export=2026-06-24T15:06:09+00:00; candle=2026-06-24T14:45:00+00:00
2026-06-24T14:06:47.807498+00:00 ALREADY_WRITTEN: Already handled candle 2026-06-24T14:45:00+00:00; mode=live; export=2026-06-24T15:06:39+00:00; candle=2026-06-24T14:45:00+00:00
2026-06-24T14:07:17.907012+00:00 ALREADY_WRITTEN: Already handled candle 2026-06-24T14:45:00+00:00; mode=live; export=2026-06-24T15:07:09+00:00; candle=2026-06-24T14:45:00+00:00
2026-06-24T14:07:48.002032+00:00 ALREADY_WRITTEN: Already handled candle 2026-06-24T14:45:00+00:00; mode=live; export=2026-06-24T15:07:39+00:00; candle=2026-06-24T14:45:00+00:00
2026-06-24T14:08:18.097982+00:00 ALREADY_WRITTEN: Already handled candle 2026-06-24T14:45:00+00:00; mode=live; export=2026-06-24T15:08:09+00:00; candle=2026-06-24T14:45:00+00:00
2026-06-24T14:08:48.187162+00:00 ALREADY_WRITTEN: Already handled candle 2026-06-24T14:45:00+00:00; mode=live; export=2026-06-24T15:08:39+00:00; candle=2026-06-24T14:45:00+00:00
2026-06-24T14:09:18.283688+00:00 ALREADY_WRITTEN: Already handled candle 2026-06-24T14:45:00+00:00; mode=live; export=2026-06-24T15:09:09+00:00; candle=2026-06-24T14:45:00+00:00
2026-06-24T14:09:48.376684+00:00 ALREADY_WRITTEN: Already handled candle 2026-06-24T14:45:00+00:00; mode=live; export=2026-06-24T15:09:39+00:00; candle=2026-06-24T14:45:00+00:00
2026-06-24T14:10:18.472766+00:00 ALREADY_WRITTEN: Already handled candle 2026-06-24T14:45:00+00:00; mode=live; export=2026-06-24T15:10:09+00:00; candle=2026-06-24T14:45:00+00:00
2026-06-24T14:10:48.580181+00:00 ALREADY_WRITTEN: Already handled candle 2026-06-24T14:45:00+00:00; mode=live; export=2026-06-24T15:10:39+00:00; candle=2026-06-24T14:45:00+00:00
2026-06-24T14:11:18.678365+00:00 ALREADY_WRITTEN: Already handled candle 2026-06-24T14:45:00+00:00; mode=live; export=2026-06-24T15:11:09+00:00; candle=2026-06-24T14:45:00+00:00
2026-06-24T14:11:48.776367+00:00 ALREADY_WRITTEN: Already handled candle 2026-06-24T14:45:00+00:00; mode=live; export=2026-06-24T15:11:39+00:00; candle=2026-06-24T14:45:00+00:00
2026-06-24T14:12:18.871878+00:00 ALREADY_WRITTEN: Already handled candle 2026-06-24T14:45:00+00:00; mode=live; export=2026-06-24T15:12:09+00:00; candle=2026-06-24T14:45:00+00:00
2026-06-24T14:12:48.963050+00:00 ALREADY_WRITTEN: Already handled candle 2026-06-24T14:45:00+00:00; mode=live; export=2026-06-24T15:12:39+00:00; candle=2026-06-24T14:45:00+00:00
2026-06-24T14:13:19.064429+00:00 ALREADY_WRITTEN: Already handled candle 2026-06-24T14:45:00+00:00; mode=live; export=2026-06-24T15:13:09+00:00; candle=2026-06-24T14:45:00+00:00
2026-06-24T14:13:49.153641+00:00 ALREADY_WRITTEN: Already handled candle 2026-06-24T14:45:00+00:00; mode=live; export=2026-06-24T15:13:39+00:00; candle=2026-06-24T14:45:00+00:00
2026-06-24T14:14:19.255681+00:00 ALREADY_WRITTEN: Already handled candle 2026-06-24T14:45:00+00:00; mode=live; export=2026-06-24T15:14:09+00:00; candle=2026-06-24T14:45:00+00:00
2026-06-24T14:14:49.356194+00:00 ALREADY_WRITTEN: Already handled candle 2026-06-24T14:45:00+00:00; mode=live; export=2026-06-24T15:14:39+00:00; candle=2026-06-24T14:45:00+00:00
2026-06-24T14:15:19.450503+00:00 WRITE_SPLIT: Writing split proposed orders: SELL USDCAD 22.12; SELL USDCHF 22.12; BUY USDJPY 36.88; BUY XAUUSD 10.95 as 94 capped chunks; mode=live; export=2026-06-24T15:15:09+00:00; candle=2026-06-24T15:00:00+00:00
2026-06-24T14:15:49.548613+00:00 ALREADY_WRITTEN: Already handled candle 2026-06-24T15:00:00+00:00; mode=live; export=2026-06-24T15:15:39+00:00; candle=2026-06-24T15:00:00+00:00
2026-06-24T14:16:19.643388+00:00 ALREADY_WRITTEN: Already handled candle 2026-06-24T15:00:00+00:00; mode=live; export=2026-06-24T15:16:09+00:00; candle=2026-06-24T15:00:00+00:00
2026-06-24T14:16:49.752248+00:00 ALREADY_WRITTEN: Already handled candle 2026-06-24T15:00:00+00:00; mode=live; export=2026-06-24T15:16:39+00:00; candle=2026-06-24T15:00:00+00:00
2026-06-24T14:17:19.849151+00:00 ALREADY_WRITTEN: Already handled candle 2026-06-24T15:00:00+00:00; mode=live; export=2026-06-24T15:17:09+00:00; candle=2026-06-24T15:00:00+00:00
2026-06-24T14:17:49.953366+00:00 ALREADY_WRITTEN: Already handled candle 2026-06-24T15:00:00+00:00; mode=live; export=2026-06-24T15:17:39+00:00; candle=2026-06-24T15:00:00+00:00
2026-06-24T14:18:20.056411+00:00 ALREADY_WRITTEN: Already handled candle 2026-06-24T15:00:00+00:00; mode=live; export=2026-06-24T15:18:09+00:00; candle=2026-06-24T15:00:00+00:00
2026-06-24T14:18:50.151919+00:00 ALREADY_WRITTEN: Already handled candle 2026-06-24T15:00:00+00:00; mode=live; export=2026-06-24T15:18:39+00:00; candle=2026-06-24T15:00:00+00:00
2026-06-24T14:19:20.251510+00:00 ALREADY_WRITTEN: Already handled candle 2026-06-24T15:00:00+00:00; mode=live; export=2026-06-24T15:19:09+00:00; candle=2026-06-24T15:00:00+00:00
2026-06-24T14:19:50.359149+00:00 ALREADY_WRITTEN: Already handled candle 2026-06-24T15:00:00+00:00; mode=live; export=2026-06-24T15:19:39+00:00; candle=2026-06-24T15:00:00+00:00
2026-06-24T14:20:20.459117+00:00 ALREADY_WRITTEN: Already handled candle 2026-06-24T15:00:00+00:00; mode=live; export=2026-06-24T15:20:09+00:00; candle=2026-06-24T15:00:00+00:00
2026-06-24T14:20:50.558336+00:00 ALREADY_WRITTEN: Already handled candle 2026-06-24T15:00:00+00:00; mode=live; export=2026-06-24T15:20:39+00:00; candle=2026-06-24T15:00:00+00:00
2026-06-24T14:21:20.650616+00:00 ALREADY_WRITTEN: Already handled candle 2026-06-24T15:00:00+00:00; mode=live; export=2026-06-24T15:21:09+00:00; candle=2026-06-24T15:00:00+00:00
2026-06-24T14:21:50.750942+00:00 ALREADY_WRITTEN: Already handled candle 2026-06-24T15:00:00+00:00; mode=live; export=2026-06-24T15:21:39+00:00; candle=2026-06-24T15:00:00+00:00
2026-06-24T14:22:20.847900+00:00 ALREADY_WRITTEN: Already handled candle 2026-06-24T15:00:00+00:00; mode=live; export=2026-06-24T15:22:09+00:00; candle=2026-06-24T15:00:00+00:00
2026-06-24T14:22:50.950081+00:00 ALREADY_WRITTEN: Already handled candle 2026-06-24T15:00:00+00:00; mode=live; export=2026-06-24T15:22:39+00:00; candle=2026-06-24T15:00:00+00:00
2026-06-24T14:23:21.043604+00:00 ALREADY_WRITTEN: Already handled candle 2026-06-24T15:00:00+00:00; mode=live; export=2026-06-24T15:23:09+00:00; candle=2026-06-24T15:00:00+00:00
2026-06-24T14:23:51.146445+00:00 ALREADY_WRITTEN: Already handled candle 2026-06-24T15:00:00+00:00; mode=live; export=2026-06-24T15:23:39+00:00; candle=2026-06-24T15:00:00+00:00
2026-06-24T14:24:21.244653+00:00 ALREADY_WRITTEN: Already handled candle 2026-06-24T15:00:00+00:00; mode=live; export=2026-06-24T15:24:09+00:00; candle=2026-06-24T15:00:00+00:00
2026-06-24T14:24:51.347525+00:00 ALREADY_WRITTEN: Already handled candle 2026-06-24T15:00:00+00:00; mode=live; export=2026-06-24T15:24:39+00:00; candle=2026-06-24T15:00:00+00:00
2026-06-24T14:25:21.449749+00:00 ALREADY_WRITTEN: Already handled candle 2026-06-24T15:00:00+00:00; mode=live; export=2026-06-24T15:25:09+00:00; candle=2026-06-24T15:00:00+00:00
2026-06-24T14:25:51.559772+00:00 ALREADY_WRITTEN: Already handled candle 2026-06-24T15:00:00+00:00; mode=live; export=2026-06-24T15:25:39+00:00; candle=2026-06-24T15:00:00+00:00
2026-06-24T14:26:21.656968+00:00 ALREADY_WRITTEN: Already handled candle 2026-06-24T15:00:00+00:00; mode=live; export=2026-06-24T15:26:09+00:00; candle=2026-06-24T15:00:00+00:00
2026-06-24T14:26:51.749978+00:00 ALREADY_WRITTEN: Already handled candle 2026-06-24T15:00:00+00:00; mode=live; export=2026-06-24T15:26:39+00:00; candle=2026-06-24T15:00:00+00:00
2026-06-24T14:27:21.851337+00:00 ALREADY_WRITTEN: Already handled candle 2026-06-24T15:00:00+00:00; mode=live; export=2026-06-24T15:27:09+00:00; candle=2026-06-24T15:00:00+00:00
2026-06-24T14:27:51.953151+00:00 ALREADY_WRITTEN: Already handled candle 2026-06-24T15:00:00+00:00; mode=live; export=2026-06-24T15:27:39+00:00; candle=2026-06-24T15:00:00+00:00
2026-06-24T14:28:22.053996+00:00 ALREADY_WRITTEN: Already handled candle 2026-06-24T15:00:00+00:00; mode=live; export=2026-06-24T15:28:09+00:00; candle=2026-06-24T15:00:00+00:00
2026-06-24T14:28:52.163604+00:00 ALREADY_WRITTEN: Already handled candle 2026-06-24T15:00:00+00:00; mode=live; export=2026-06-24T15:28:39+00:00; candle=2026-06-24T15:00:00+00:00
2026-06-24T14:29:22.258245+00:00 ALREADY_WRITTEN: Already handled candle 2026-06-24T15:00:00+00:00; mode=live; export=2026-06-24T15:29:09+00:00; candle=2026-06-24T15:00:00+00:00
2026-06-24T14:29:52.355515+00:00 ALREADY_WRITTEN: Already handled candle 2026-06-24T15:00:00+00:00; mode=live; export=2026-06-24T15:29:39+00:00; candle=2026-06-24T15:00:00+00:00
2026-06-24T14:30:22.445510+00:00 HOLD: No meaningful orders after tiny-churn filter; mode=live; export=2026-06-24T15:30:09+00:00; candle=2026-06-24T15:15:00+00:00
