2026-06-23T19:06:12.163814+00:00 WRITE_SPLIT: Writing split proposed orders: BUY XAUUSD 1.28 as 2 capped chunks; mode=live; export=2026-06-23T19:05:46+00:00; candle=2026-06-23T18:45:00+00:00
2026-06-23T19:07:27.896761+00:00 HOLD: No meaningful orders after tiny-churn filter; mode=live; export=2026-06-23T19:07:16+00:00; candle=2026-06-23T18:45:00+00:00
2026-06-23T19:07:58.025968+00:00 HOLD: No meaningful orders after tiny-churn filter; mode=live; export=2026-06-23T19:07:46+00:00; candle=2026-06-23T18:45:00+00:00
2026-06-23T19:08:28.148191+00:00 HOLD: No meaningful orders after tiny-churn filter; mode=live; export=2026-06-23T19:08:16+00:00; candle=2026-06-23T18:45:00+00:00
2026-06-23T19:08:58.277453+00:00 HOLD: No meaningful orders after tiny-churn filter; mode=live; export=2026-06-23T19:08:46+00:00; candle=2026-06-23T18:45:00+00:00
2026-06-23T19:09:28.412961+00:00 HOLD: No meaningful orders after tiny-churn filter; mode=live; export=2026-06-23T19:09:16+00:00; candle=2026-06-23T18:45:00+00:00
2026-06-23T19:09:58.540854+00:00 HOLD: No meaningful orders after tiny-churn filter; mode=live; export=2026-06-23T19:09:46+00:00; candle=2026-06-23T18:45:00+00:00
2026-06-23T19:10:28.657550+00:00 HOLD: No meaningful orders after tiny-churn filter; mode=live; export=2026-06-23T19:10:16+00:00; candle=2026-06-23T18:45:00+00:00
2026-06-23T19:10:58.784744+00:00 HOLD: No meaningful orders after tiny-churn filter; mode=live; export=2026-06-23T19:10:46+00:00; candle=2026-06-23T18:45:00+00:00
2026-06-23T19:11:28.898159+00:00 HOLD: No meaningful orders after tiny-churn filter; mode=live; export=2026-06-23T19:11:16+00:00; candle=2026-06-23T18:45:00+00:00
2026-06-23T19:11:59.028348+00:00 HOLD: No meaningful orders after tiny-churn filter; mode=live; export=2026-06-23T19:11:46+00:00; candle=2026-06-23T18:45:00+00:00
2026-06-23T19:12:29.157515+00:00 HOLD: No meaningful orders after tiny-churn filter; mode=live; export=2026-06-23T19:12:16+00:00; candle=2026-06-23T18:45:00+00:00
2026-06-23T19:12:59.283833+00:00 HOLD: No meaningful orders after tiny-churn filter; mode=live; export=2026-06-23T19:12:46+00:00; candle=2026-06-23T18:45:00+00:00
2026-06-23T19:13:29.416892+00:00 HOLD: No meaningful orders after tiny-churn filter; mode=live; export=2026-06-23T19:13:16+00:00; candle=2026-06-23T18:45:00+00:00
2026-06-23T19:13:59.548025+00:00 HOLD: No meaningful orders after tiny-churn filter; mode=live; export=2026-06-23T19:13:46+00:00; candle=2026-06-23T18:45:00+00:00
2026-06-23T19:14:29.683204+00:00 HOLD: No meaningful orders after tiny-churn filter; mode=live; export=2026-06-23T19:14:16+00:00; candle=2026-06-23T18:45:00+00:00
2026-06-23T19:14:59.820837+00:00 HOLD: No meaningful orders after tiny-churn filter; mode=live; export=2026-06-23T19:14:46+00:00; candle=2026-06-23T18:45:00+00:00
2026-06-23T19:15:29.952290+00:00 RISK_BLOCKED: projected net directional share 100.0% exceeds 90.0%; mode=live; export=2026-06-23T19:15:16+00:00; candle=2026-06-23T19:00:00+00:00
2026-06-23T19:16:00.080236+00:00 RISK_BLOCKED: projected net directional share 100.0% exceeds 90.0%; mode=live; export=2026-06-23T19:15:46+00:00; candle=2026-06-23T19:00:00+00:00
2026-06-23T19:16:30.208687+00:00 RISK_BLOCKED: projected net directional share 100.0% exceeds 90.0%; mode=live; export=2026-06-23T19:16:16+00:00; candle=2026-06-23T19:00:00+00:00
2026-06-23T19:17:00.338989+00:00 RISK_BLOCKED: projected net directional share 100.0% exceeds 90.0%; mode=live; export=2026-06-23T19:16:46+00:00; candle=2026-06-23T19:00:00+00:00
2026-06-23T19:17:30.465625+00:00 RISK_BLOCKED: projected net directional share 100.0% exceeds 90.0%; mode=live; export=2026-06-23T19:17:16+00:00; candle=2026-06-23T19:00:00+00:00
2026-06-23T19:18:00.591158+00:00 RISK_BLOCKED: projected net directional share 100.0% exceeds 90.0%; mode=live; export=2026-06-23T19:17:46+00:00; candle=2026-06-23T19:00:00+00:00
2026-06-23T19:18:30.716974+00:00 RISK_BLOCKED: projected net directional share 100.0% exceeds 90.0%; mode=live; export=2026-06-23T19:18:16+00:00; candle=2026-06-23T19:00:00+00:00
2026-06-23T19:19:00.845932+00:00 RISK_BLOCKED: projected net directional share 100.0% exceeds 90.0%; mode=live; export=2026-06-23T19:18:46+00:00; candle=2026-06-23T19:00:00+00:00
2026-06-23T19:19:30.963869+00:00 RISK_BLOCKED: projected net directional share 100.0% exceeds 90.0%; mode=live; export=2026-06-23T19:19:16+00:00; candle=2026-06-23T19:00:00+00:00
2026-06-23T19:20:01.098889+00:00 RISK_BLOCKED: projected net directional share 100.0% exceeds 90.0%; mode=live; export=2026-06-23T19:19:46+00:00; candle=2026-06-23T19:00:00+00:00
2026-06-23T19:20:31.214881+00:00 RISK_BLOCKED: projected net directional share 100.0% exceeds 90.0%; mode=live; export=2026-06-23T19:20:16+00:00; candle=2026-06-23T19:00:00+00:00
2026-06-23T19:21:01.341964+00:00 RISK_BLOCKED: projected net directional share 100.0% exceeds 90.0%; mode=live; export=2026-06-23T19:20:46+00:00; candle=2026-06-23T19:00:00+00:00
2026-06-23T19:21:31.475368+00:00 RISK_BLOCKED: projected net directional share 100.0% exceeds 90.0%; mode=live; export=2026-06-23T19:21:16+00:00; candle=2026-06-23T19:00:00+00:00
2026-06-23T19:22:01.596807+00:00 RISK_BLOCKED: projected net directional share 100.0% exceeds 90.0%; mode=live; export=2026-06-23T19:21:46+00:00; candle=2026-06-23T19:00:00+00:00
2026-06-23T19:22:31.726804+00:00 RISK_BLOCKED: projected net directional share 100.0% exceeds 90.0%; mode=live; export=2026-06-23T19:22:16+00:00; candle=2026-06-23T19:00:00+00:00
2026-06-23T19:23:01.854025+00:00 RISK_BLOCKED: projected net directional share 100.0% exceeds 90.0%; mode=live; export=2026-06-23T19:22:46+00:00; candle=2026-06-23T19:00:00+00:00
2026-06-23T19:23:31.973616+00:00 RISK_BLOCKED: projected net directional share 100.0% exceeds 90.0%; mode=live; export=2026-06-23T19:23:16+00:00; candle=2026-06-23T19:00:00+00:00
2026-06-23T19:24:02.097984+00:00 RISK_BLOCKED: projected net directional share 100.0% exceeds 90.0%; mode=live; export=2026-06-23T19:23:46+00:00; candle=2026-06-23T19:00:00+00:00
2026-06-23T19:24:32.219321+00:00 RISK_BLOCKED: projected net directional share 100.0% exceeds 90.0%; mode=live; export=2026-06-23T19:24:16+00:00; candle=2026-06-23T19:00:00+00:00
2026-06-23T19:25:02.337832+00:00 RISK_BLOCKED: projected net directional share 100.0% exceeds 90.0%; mode=live; export=2026-06-23T19:24:46+00:00; candle=2026-06-23T19:00:00+00:00
2026-06-23T19:25:32.463574+00:00 RISK_BLOCKED: projected net directional share 100.0% exceeds 90.0%; mode=live; export=2026-06-23T19:25:16+00:00; candle=2026-06-23T19:00:00+00:00
2026-06-23T19:26:02.589203+00:00 RISK_BLOCKED: projected net directional share 100.0% exceeds 90.0%; mode=live; export=2026-06-23T19:25:46+00:00; candle=2026-06-23T19:00:00+00:00
2026-06-23T19:26:32.714137+00:00 RISK_BLOCKED: projected net directional share 100.0% exceeds 90.0%; mode=live; export=2026-06-23T19:26:16+00:00; candle=2026-06-23T19:00:00+00:00
2026-06-23T19:27:02.841821+00:00 RISK_BLOCKED: projected net directional share 100.0% exceeds 90.0%; mode=live; export=2026-06-23T19:26:46+00:00; candle=2026-06-23T19:00:00+00:00
2026-06-23T19:27:32.968275+00:00 RISK_BLOCKED: projected net directional share 100.0% exceeds 90.0%; mode=live; export=2026-06-23T19:27:16+00:00; candle=2026-06-23T19:00:00+00:00
2026-06-23T19:28:03.097572+00:00 RISK_BLOCKED: projected net directional share 100.0% exceeds 90.0%; mode=live; export=2026-06-23T19:27:46+00:00; candle=2026-06-23T19:00:00+00:00
2026-06-23T19:28:33.217187+00:00 RISK_BLOCKED: projected net directional share 100.0% exceeds 90.0%; mode=live; export=2026-06-23T19:28:16+00:00; candle=2026-06-23T19:00:00+00:00
2026-06-23T19:29:03.326222+00:00 RISK_BLOCKED: projected net directional share 100.0% exceeds 90.0%; mode=live; export=2026-06-23T19:28:46+00:00; candle=2026-06-23T19:00:00+00:00
2026-06-23T19:29:25.142116+00:00 WRITE: Writing proposed orders: BUY USDCHF 1.00; BUY USDCHF 1.00; BUY USDCHF 1.00; mode=live; export=2026-06-23T19:29:16+00:00; candle=2026-06-23T19:00:00+00:00
2026-06-23T19:29:55.263860+00:00 ALREADY_WRITTEN: Already handled candle 2026-06-23T19:00:00+00:00; mode=live; export=2026-06-23T19:29:46+00:00; candle=2026-06-23T19:00:00+00:00
2026-06-23T19:30:25.381717+00:00 RISK_BLOCKED: projected net directional share 100.0% exceeds 90.0%; mode=live; export=2026-06-23T19:30:16+00:00; candle=2026-06-23T19:15:00+00:00
2026-06-23T19:30:55.501738+00:00 RISK_BLOCKED: projected net directional share 100.0% exceeds 90.0%; mode=live; export=2026-06-23T19:30:46+00:00; candle=2026-06-23T19:15:00+00:00
2026-06-23T19:31:25.627642+00:00 RISK_BLOCKED: projected net directional share 100.0% exceeds 90.0%; mode=live; export=2026-06-23T19:31:16+00:00; candle=2026-06-23T19:15:00+00:00
2026-06-23T19:31:55.734733+00:00 RISK_BLOCKED: projected net directional share 100.0% exceeds 90.0%; mode=live; export=2026-06-23T19:31:46+00:00; candle=2026-06-23T19:15:00+00:00
2026-06-23T19:32:25.865478+00:00 RISK_BLOCKED: projected net directional share 100.0% exceeds 90.0%; mode=live; export=2026-06-23T19:32:16+00:00; candle=2026-06-23T19:15:00+00:00
2026-06-23T19:32:49.784926+00:00 RISK_BLOCKED: projected largest symbol share 100.0% exceeds 85.0%; projected net directional share 100.0% exceeds 90.0%; mode=live; export=2026-06-23T19:32:46+00:00; candle=2026-06-23T19:15:00+00:00
2026-06-23T19:33:19.914044+00:00 RISK_BLOCKED: projected largest symbol share 100.0% exceeds 85.0%; projected net directional share 100.0% exceeds 90.0%; mode=live; export=2026-06-23T19:33:16+00:00; candle=2026-06-23T19:15:00+00:00
2026-06-23T19:33:50.043248+00:00 RISK_BLOCKED: projected largest symbol share 100.0% exceeds 85.0%; projected net directional share 100.0% exceeds 90.0%; mode=live; export=2026-06-23T19:33:46+00:00; candle=2026-06-23T19:15:00+00:00
2026-06-23T19:34:20.166415+00:00 RISK_BLOCKED: projected largest symbol share 100.0% exceeds 85.0%; projected net directional share 100.0% exceeds 90.0%; mode=live; export=2026-06-23T19:34:16+00:00; candle=2026-06-23T19:15:00+00:00
2026-06-23T19:34:50.267908+00:00 RISK_BLOCKED: projected largest symbol share 100.0% exceeds 85.0%; projected net directional share 100.0% exceeds 90.0%; mode=live; export=2026-06-23T19:34:46+00:00; candle=2026-06-23T19:15:00+00:00
2026-06-23T19:35:20.395897+00:00 RISK_BLOCKED: projected largest symbol share 100.0% exceeds 85.0%; projected net directional share 100.0% exceeds 90.0%; mode=live; export=2026-06-23T19:35:16+00:00; candle=2026-06-23T19:15:00+00:00
2026-06-23T19:35:50.521706+00:00 RISK_BLOCKED: projected largest symbol share 100.0% exceeds 85.0%; projected net directional share 100.0% exceeds 90.0%; mode=live; export=2026-06-23T19:35:46+00:00; candle=2026-06-23T19:15:00+00:00
2026-06-23T19:36:20.552527+00:00 ERROR: TypeError: SymbolSpec.__init__() got an unexpected keyword argument 'usd_conversion_symbol'
2026-06-23T19:36:50.592658+00:00 ERROR: TypeError: SymbolSpec.__init__() got an unexpected keyword argument 'usd_conversion_symbol'
2026-06-23T19:37:28.910405+00:00 RISK_BLOCKED: projected largest symbol share 100.0% exceeds 85.0%; projected net directional share 100.0% exceeds 90.0%; mode=live; export=2026-06-23T19:37:16+00:00; candle=2026-06-23T19:15:00+00:00
2026-06-23T19:37:59.039749+00:00 RISK_BLOCKED: projected largest symbol share 100.0% exceeds 85.0%; projected net directional share 100.0% exceeds 90.0%; mode=live; export=2026-06-23T19:37:46+00:00; candle=2026-06-23T19:15:00+00:00
2026-06-23T19:38:29.159128+00:00 RISK_BLOCKED: projected largest symbol share 100.0% exceeds 85.0%; projected net directional share 100.0% exceeds 90.0%; mode=live; export=2026-06-23T19:38:16+00:00; candle=2026-06-23T19:15:00+00:00
2026-06-23T19:38:59.288795+00:00 RISK_BLOCKED: projected largest symbol share 100.0% exceeds 85.0%; projected net directional share 100.0% exceeds 90.0%; mode=live; export=2026-06-23T19:38:46+00:00; candle=2026-06-23T19:15:00+00:00
2026-06-23T19:39:29.402442+00:00 RISK_BLOCKED: projected largest symbol share 100.0% exceeds 85.0%; projected net directional share 100.0% exceeds 90.0%; mode=live; export=2026-06-23T19:39:16+00:00; candle=2026-06-23T19:15:00+00:00
2026-06-23T19:39:59.535705+00:00 RISK_BLOCKED: projected largest symbol share 100.0% exceeds 85.0%; projected net directional share 100.0% exceeds 90.0%; mode=live; export=2026-06-23T19:39:46+00:00; candle=2026-06-23T19:15:00+00:00
2026-06-23T19:40:29.668638+00:00 RISK_BLOCKED: projected largest symbol share 100.0% exceeds 85.0%; projected net directional share 100.0% exceeds 90.0%; mode=live; export=2026-06-23T19:40:08+00:00; candle=2026-06-23T19:15:00+00:00
2026-06-23T19:40:59.824211+00:00 RISK_BLOCKED: projected largest symbol share 100.0% exceeds 85.0%; projected net directional share 100.0% exceeds 90.0%; mode=live; export=2026-06-23T19:40:38+00:00; candle=2026-06-23T19:15:00+00:00
2026-06-23T19:41:29.952545+00:00 RISK_BLOCKED: projected largest symbol share 100.0% exceeds 85.0%; projected net directional share 100.0% exceeds 90.0%; mode=live; export=2026-06-23T19:41:08+00:00; candle=2026-06-23T19:15:00+00:00
2026-06-23T19:42:00.071316+00:00 RISK_BLOCKED: projected largest symbol share 100.0% exceeds 85.0%; projected net directional share 100.0% exceeds 90.0%; mode=live; export=2026-06-23T19:41:38+00:00; candle=2026-06-23T19:15:00+00:00
2026-06-23T19:42:30.194202+00:00 RISK_BLOCKED: projected largest symbol share 100.0% exceeds 85.0%; projected net directional share 100.0% exceeds 90.0%; mode=live; export=2026-06-23T19:42:08+00:00; candle=2026-06-23T19:15:00+00:00
2026-06-23T19:43:00.293638+00:00 RISK_BLOCKED: projected largest symbol share 100.0% exceeds 85.0%; projected net directional share 100.0% exceeds 90.0%; mode=live; export=2026-06-23T19:42:32+00:00; candle=2026-06-23T19:15:00+00:00
2026-06-23T19:43:30.423436+00:00 RISK_BLOCKED: projected largest symbol share 100.0% exceeds 85.0%; projected net directional share 100.0% exceeds 90.0%; mode=live; export=2026-06-23T19:43:02+00:00; candle=2026-06-23T19:15:00+00:00
2026-06-23T19:44:00.553977+00:00 RISK_BLOCKED: projected largest symbol share 100.0% exceeds 85.0%; projected net directional share 100.0% exceeds 90.0%; mode=live; export=2026-06-23T19:43:32+00:00; candle=2026-06-23T19:15:00+00:00
2026-06-23T19:44:30.692327+00:00 RISK_BLOCKED: projected largest symbol share 100.0% exceeds 85.0%; projected net directional share 100.0% exceeds 90.0%; mode=live; export=2026-06-23T19:44:02+00:00; candle=2026-06-23T19:15:00+00:00
2026-06-23T19:46:25.560829+00:00 RISK_BLOCKED: projected largest symbol share 100.0% exceeds 85.0%; projected net directional share 100.0% exceeds 90.0%; mode=live; export=2026-06-23T19:46:21+00:00; candle=2026-06-23T19:30:00+00:00
2026-06-23T19:46:57.733961+00:00 RISK_BLOCKED: projected largest symbol share 100.0% exceeds 85.0%; projected net directional share 100.0% exceeds 90.0%; mode=live; export=2026-06-23T19:46:51+00:00; candle=2026-06-23T19:30:00+00:00
2026-06-23T19:47:27.860570+00:00 RISK_BLOCKED: projected largest symbol share 100.0% exceeds 85.0%; projected net directional share 100.0% exceeds 90.0%; mode=live; export=2026-06-23T19:47:21+00:00; candle=2026-06-23T19:30:00+00:00
